// Vitest Snapshot v1, https://vitest.dev/guide/snapshot.html

exports[`golden — résolution espèce/id→apparence (anti-régression de-POC match-par-nom) > bestiaire (creatures.json) : label → (plan, espèce, def, échelle) 1`] = `
{
  "Affreuse Vieille Sorcière Troll des Marais": {
    "def": "Troll",
    "plan": "biped",
    "scale": 1,
    "species": "troll",
  },
  "Agna Lottrisdottir": {
    "def": "Nain",
    "plan": "biped",
    "scale": 1,
    "species": "nain",
  },
  "Alfric « Demi-nez » Brisenclume": {
    "def": "Nain",
    "plan": "biped",
    "scale": 1,
    "species": "nain",
  },
  "Amibe": {
    "def": "Amibe",
    "plan": "amorphous",
    "scale": 1.15,
    "species": "amibe",
  },
  "Amphisbaena": {
    "def": "Serpent",
    "plan": "serpentine",
    "scale": 1,
    "species": "serpent",
  },
  "Ancien": {
    "def": null,
    "plan": "biped",
    "scale": 1,
    "species": "humain",
  },
  "Andrea Bruhn": {
    "def": null,
    "plan": "biped",
    "scale": 1,
    "species": "humain",
  },
  "Anguille du Reik": {
    "def": "Serpent",
    "plan": "serpentine",
    "scale": 1,
    "species": "serpent",
  },
  "Anguille mâcheprise": {
    "def": "Serpent",
    "plan": "serpentine",
    "scale": 1,
    "species": "serpent",
  },
  "Apothicaire": {
    "def": null,
    "plan": "biped",
    "scale": 1,
    "species": "humain",
  },
  "Apprenti Technomage": {
    "def": "Skaven",
    "plan": "biped",
    "scale": 1,
    "species": "skaven",
  },
  "Arachnarok": {
    "def": "Araignée",
    "plan": "arachnid",
    "scale": 1,
    "species": "araignee",
  },
  "Araignée Géante Adulte": {
    "def": "Araignée",
    "plan": "arachnid",
    "scale": 1,
    "species": "araignee",
  },
  "Araignée Géante Impitoyable": {
    "def": "Araignée",
    "plan": "arachnid",
    "scale": 1,
    "species": "araignee",
  },
  "Araignée géante": {
    "def": "Araignée",
    "plan": "arachnid",
    "scale": 1,
    "species": "araignee",
  },
  "Archer Gobelin": {
    "def": "Gobelin",
    "plan": "biped",
    "scale": 1,
    "species": "gobelin",
  },
  "Archer Orc": {
    "def": "Orc",
    "plan": "biped",
    "scale": 1,
    "species": "orc",
  },
  "Architechnomage": {
    "def": "Skaven",
    "plan": "biped",
    "scale": 1,
    "species": "skaven",
  },
  "Artisan (Services Ruraux Fréquents & Usuels)": {
    "def": null,
    "plan": "biped",
    "scale": 1,
    "species": "humain",
  },
  "Artisan (Services Urbains Fréquents & Usuels)": {
    "def": null,
    "plan": "biped",
    "scale": 1,
    "species": "humain",
  },
  "Artur Piedmarteau": {
    "def": "Ogre",
    "plan": "biped",
    "scale": 1,
    "species": "ogre",
  },
  "Assassin": {
    "def": "Skaven",
    "plan": "biped",
    "scale": 1,
    "species": "skaven",
  },
  "Athlète": {
    "def": null,
    "plan": "biped",
    "scale": 1,
    "species": "humain",
  },
  "Avocat": {
    "def": null,
    "plan": "biped",
    "scale": 1,
    "species": "humain",
  },
  "Babrakkos": {
    "def": "Liche",
    "plan": "biped",
    "scale": 1,
    "species": "liche",
  },
  "Banshee": {
    "def": "Banshee",
    "plan": "spectral",
    "scale": 0.96,
    "species": "banshee",
  },
  "Basilic": {
    "def": "Basilic",
    "plan": "quadruped",
    "scale": 1.25,
    "species": "basilic",
  },
  "Batelier": {
    "def": null,
    "plan": "biped",
    "scale": 1,
    "species": "humain",
  },
  "Baudroye": {
    "def": "Brochet du Stir",
    "plan": "fish",
    "scale": 1.05,
    "species": "brochet-du-stir",
  },
  "Beate Moser": {
    "def": null,
    "plan": "biped",
    "scale": 1,
    "species": "humain",
  },
  "Bella la Noire": {
    "def": null,
    "plan": "biped",
    "scale": 1,
    "species": "humain",
  },
  "Bestigor Chef de Guerre": {
    "def": "Homme-bête",
    "plan": "biped",
    "scale": 1,
    "species": "homme-bete",
  },
  "Bestigor Chef de Harde": {
    "def": "Homme-bête",
    "plan": "biped",
    "scale": 1,
    "species": "homme-bete",
  },
  "Bestigor Combattant": {
    "def": "Homme-bête",
    "plan": "biped",
    "scale": 1,
    "species": "homme-bete",
  },
  "Blaireau": {
    "def": "Blaireau",
    "plan": "quadruped",
    "scale": 0.84,
    "species": "blaireau",
  },
  "Bouc Maudit": {
    "def": "Homme-bête",
    "plan": "biped",
    "scale": 1,
    "species": "homme-bete",
  },
  "Bourgmestre": {
    "def": null,
    "plan": "biped",
    "scale": 1,
    "species": "humain",
  },
  "Brigand": {
    "def": null,
    "plan": "biped",
    "scale": 1,
    "species": "humain",
  },
  "Brigitte Schleigel": {
    "def": null,
    "plan": "biped",
    "scale": 1,
    "species": "humain",
  },
  "Brise-Krag": {
    "def": "Ours",
    "plan": "quadruped",
    "scale": 1.05,
    "species": "ours",
  },
  "Brochet du Stir": {
    "def": "Brochet du Stir",
    "plan": "fish",
    "scale": 1.05,
    "species": "brochet-du-stir",
  },
  "Brute": {
    "def": null,
    "plan": "biped",
    "scale": 1,
    "species": "humain",
  },
  "Buveur de Sang Exalté de Khorne": {
    "def": "Démon",
    "plan": "biped",
    "scale": 1,
    "species": "demon",
  },
  "Buveur de Sang de Khorne": {
    "def": "Démon",
    "plan": "biped",
    "scale": 1,
    "species": "demon",
  },
  "Bâtonnier": {
    "def": null,
    "plan": "biped",
    "scale": 1,
    "species": "humain",
  },
  "Bête des marais": {
    "def": "Bête des marais",
    "plan": "amorphous",
    "scale": 1.15,
    "species": "bete-des-marais",
  },
  "Bœuf": {
    "def": "Bœuf",
    "plan": "quadruped",
    "scale": 1.06,
    "species": "boeuf",
  },
  "Caledair - la Faux de Feu": {
    "def": "Dragon",
    "plan": "winged",
    "scale": 1.25,
    "species": "dragon",
  },
  "Capitaine (Patrouilleurs Fluviaux)": {
    "def": null,
    "plan": "biped",
    "scale": 1,
    "species": "humain",
  },
  "Capitaine (Patrouilleurs Ruraux)": {
    "def": null,
    "plan": "biped",
    "scale": 1,
    "species": "humain",
  },
  "Capitaine du Guet": {
    "def": null,
    "plan": "biped",
    "scale": 1,
    "species": "humain",
  },
  "Carnosaure": {
    "def": "Carnosaure",
    "plan": "theropode",
    "scale": 1.35,
    "species": "carnosaure",
  },
  "Chamane Gobelin des Forêts": {
    "def": "Gobelin",
    "plan": "biped",
    "scale": 1,
    "species": "gobelin",
  },
  "Chamane-Brey": {
    "def": "Chamane-Brey",
    "plan": "biped",
    "scale": 1,
    "species": "chamane-brey",
  },
  "Charlatan": {
    "def": null,
    "plan": "biped",
    "scale": 1,
    "species": "humain",
  },
  "Charognard": {
    "def": null,
    "plan": "biped",
    "scale": 1,
    "species": "humain",
  },
  "Chasseresse des Ombres": {
    "def": "Araignée",
    "plan": "arachnid",
    "scale": 1,
    "species": "araignee",
  },
  "Chat Sauvage": {
    "def": "Chat Sauvage",
    "plan": "quadruped",
    "scale": 0.7,
    "species": "chat-sauvage",
  },
  "Chauve-souris vampire (Varghulf)": {
    "def": "Varghulf",
    "plan": "winged",
    "scale": 1.12,
    "species": "varghulf",
  },
  "Chef Contrebandier": {
    "def": null,
    "plan": "biped",
    "scale": 1,
    "species": "humain",
  },
  "Chef Pirate": {
    "def": null,
    "plan": "biped",
    "scale": 1,
    "species": "humain",
  },
  "Chef Vétéran de la Garde du Village": {
    "def": null,
    "plan": "biped",
    "scale": 1,
    "species": "humain",
  },
  "Chef de Bande": {
    "def": null,
    "plan": "biped",
    "scale": 1,
    "species": "humain",
  },
  "Chef de Clan": {
    "def": "Skaven",
    "plan": "biped",
    "scale": 1,
    "species": "skaven",
  },
  "Chef de Clan Gobelin": {
    "def": "Gobelin",
    "plan": "biped",
    "scale": 1,
    "species": "gobelin",
  },
  "Chef de Clan Orc": {
    "def": "Orc",
    "plan": "biped",
    "scale": 1,
    "species": "orc",
  },
  "Chef de Guerre Gobelin": {
    "def": "Gobelin",
    "plan": "biped",
    "scale": 1,
    "species": "gobelin",
  },
  "Chef de Guerre Orc": {
    "def": "Orc",
    "plan": "biped",
    "scale": 1,
    "species": "orc",
  },
  "Chef de Meute": {
    "def": "Loup",
    "plan": "quadruped",
    "scale": 0.82,
    "species": "loup",
  },
  "Chef de Meute du Clan Moulder": {
    "def": "Skaven",
    "plan": "biped",
    "scale": 1,
    "species": "skaven",
  },
  "Chef de Portée": {
    "def": "Skaven",
    "plan": "biped",
    "scale": 1,
    "species": "skaven",
  },
  "Chef de Section": {
    "def": "Skaven",
    "plan": "biped",
    "scale": 1,
    "species": "skaven",
  },
  "Chef de la Garde du Village": {
    "def": null,
    "plan": "biped",
    "scale": 1,
    "species": "humain",
  },
  "Chef d’Escadron": {
    "def": "Skaven",
    "plan": "biped",
    "scale": 1,
    "species": "skaven",
  },
  "Cheval": {
    "def": "Cheval",
    "plan": "quadruped",
    "scale": 0.9,
    "species": "cheval",
  },
  "Cheval de guerre léger": {
    "def": "Cheval",
    "plan": "quadruped",
    "scale": 0.9,
    "species": "cheval",
  },
  "Cheval de monte": {
    "def": "Cheval",
    "plan": "quadruped",
    "scale": 0.9,
    "species": "cheval",
  },
  "Cheval de trait": {
    "def": "Cheval",
    "plan": "quadruped",
    "scale": 0.9,
    "species": "cheval",
  },
  "Cheval de trait lourd": {
    "def": "Cheval",
    "plan": "quadruped",
    "scale": 0.9,
    "species": "cheval",
  },
  "Chevalier Mort-Vivant (Revenant)": {
    "def": "Squelette",
    "plan": "biped",
    "scale": 1,
    "species": "squelette",
  },
  "Chevalier des Tombes": {
    "def": "Squelette",
    "plan": "biped",
    "scale": 1,
    "species": "squelette",
  },
  "Chien": {
    "def": "Chien",
    "plan": "quadruped",
    "scale": 0.8,
    "species": "chien",
  },
  "Chien de Chasse": {
    "def": "Chien",
    "plan": "quadruped",
    "scale": 0.8,
    "species": "chien",
  },
  "Chien de Compagnie (Chiens)": {
    "def": "Chien",
    "plan": "quadruped",
    "scale": 0.8,
    "species": "chien",
  },
  "Chien de Compagnie (II.A — Animaux Domestiques)": {
    "def": "Chien",
    "plan": "quadruped",
    "scale": 0.8,
    "species": "chien",
  },
  "Chien de Garde": {
    "def": "Chien",
    "plan": "quadruped",
    "scale": 0.8,
    "species": "chien",
  },
  "Chien de Ratier": {
    "def": "Chien",
    "plan": "quadruped",
    "scale": 0.8,
    "species": "chien",
  },
  "Chimère": {
    "def": "Chimère",
    "plan": "winged",
    "scale": 1.25,
    "species": "chimere",
  },
  "Choses du Bois Mort": {
    "def": "Choses du Bois Mort",
    "plan": "biped",
    "scale": 1,
    "species": "choses-du-bois-mort",
  },
  "Citadin": {
    "def": null,
    "plan": "biped",
    "scale": 1,
    "species": "humain",
  },
  "Cobaye Mutilé": {
    "def": "Rat ogre",
    "plan": "biped",
    "scale": 1,
    "species": "rat-ogre",
  },
  "Cockatrice": {
    "def": "Cockatrice",
    "plan": "theropode",
    "scale": 1.05,
    "species": "cockatrice",
  },
  "Comte Vampire": {
    "def": "Vampire",
    "plan": "biped",
    "scale": 1,
    "species": "vampire",
  },
  "Contrebandier": {
    "def": null,
    "plan": "biped",
    "scale": 1,
    "species": "humain",
  },
  "Contremaître": {
    "def": "Skaven",
    "plan": "biped",
    "scale": 1,
    "species": "skaven",
  },
  "Cornu": {
    "def": "Cornu",
    "plan": "theropode",
    "scale": 1.12,
    "species": "cornu",
  },
  "Coureur Nocturne": {
    "def": "Coureur d'égout",
    "plan": "biped",
    "scale": 1,
    "species": "coureur-d-egout",
  },
  "Coureur d’Égouts": {
    "def": "Skaven",
    "plan": "biped",
    "scale": 1,
    "species": "skaven",
  },
  "Coursier": {
    "def": "Cheval",
    "plan": "quadruped",
    "scale": 0.9,
    "species": "cheval",
  },
  "Crabe boxeur": {
    "def": "Il Potente Granchio",
    "plan": "crustace",
    "scale": 1.1,
    "species": "il-potente-granchio",
  },
  "Cultiste": {
    "def": null,
    "plan": "biped",
    "scale": 1,
    "species": "humain",
  },
  "Cultiste de la Lune Imprévisible": {
    "def": null,
    "plan": "biped",
    "scale": 1,
    "species": "humain",
  },
  "Daemonette de Slaanesh": {
    "def": "Démonette",
    "plan": "biped",
    "scale": 1,
    "species": "demonette",
  },
  "Demigriffon": {
    "def": "Griffon",
    "plan": "winged",
    "scale": 1.15,
    "species": "griffon",
  },
  "Demigriffon adulte": {
    "def": "Griffon",
    "plan": "winged",
    "scale": 1.15,
    "species": "griffon",
  },
  "Destrier (cheval de guerre lourd)": {
    "def": "Cheval",
    "plan": "quadruped",
    "scale": 0.9,
    "species": "cheval",
  },
  "Destrier Squelettique": {
    "def": "Cheval",
    "plan": "quadruped",
    "scale": 0.9,
    "species": "cheval",
  },
  "Doktor": {
    "def": null,
    "plan": "biped",
    "scale": 1,
    "species": "humain",
  },
  "Dragon": {
    "def": "Dragon",
    "plan": "winged",
    "scale": 1.25,
    "species": "dragon",
  },
  "Dragon Barbelé": {
    "def": "Dragon",
    "plan": "winged",
    "scale": 1.25,
    "species": "dragon",
  },
  "Dragon de la Forêt": {
    "def": "Dragon",
    "plan": "winged",
    "scale": 1.25,
    "species": "dragon",
  },
  "Druide de la Foi Antique": {
    "def": null,
    "plan": "biped",
    "scale": 1,
    "species": "humain",
  },
  "Démonette de Slaanesh": {
    "def": "Démonette",
    "plan": "biped",
    "scale": 1,
    "species": "demonette",
  },
  "Détective": {
    "def": null,
    "plan": "biped",
    "scale": 1,
    "species": "humain",
  },
  "Elfe (haut et sylvain)": {
    "def": "Haut-Elfe",
    "plan": "biped",
    "scale": 1,
    "species": "haut-elfe",
  },
  "Emmille Münzstätter": {
    "def": null,
    "plan": "biped",
    "scale": 1,
    "species": "humain",
  },
  "Enfant d'Ulric": {
    "def": null,
    "plan": "biped",
    "scale": 1,
    "species": "humain",
  },
  "Enfant d'Ulric (forme humaine)": {
    "def": null,
    "plan": "biped",
    "scale": 1,
    "species": "humain",
  },
  "Enquêteur Chevronné": {
    "def": null,
    "plan": "biped",
    "scale": 1,
    "species": "humain",
  },
  "Envoûteuse": {
    "def": null,
    "plan": "biped",
    "scale": 1,
    "species": "humain",
  },
  "Esclave": {
    "def": "Esclave skaven",
    "plan": "biped",
    "scale": 1,
    "species": "esclave-skaven",
  },
  "Esclave Faible": {
    "def": "Esclave skaven",
    "plan": "biped",
    "scale": 1,
    "species": "esclave-skaven",
  },
  "Escroc": {
    "def": null,
    "plan": "biped",
    "scale": 1,
    "species": "humain",
  },
  "Esprit Faible": {
    "def": "Spectre",
    "plan": "spectral",
    "scale": 0.98,
    "species": "spectre",
  },
  "Eusapia Balacañon": {
    "def": null,
    "plan": "biped",
    "scale": 1,
    "species": "humain",
  },
  "Expérience Unique du Clan Moulder": {
    "def": "Rat ogre",
    "plan": "biped",
    "scale": 1,
    "species": "rat-ogre",
  },
  "Fabriqué": {
    "def": null,
    "plan": "biped",
    "scale": 1,
    "species": "Humain",
  },
  "Familier de combat": {
    "def": null,
    "plan": "biped",
    "scale": 1,
    "species": "Humain",
  },
  "Familier de pouvoir": {
    "def": null,
    "plan": "biped",
    "scale": 1,
    "species": "Humain",
  },
  "Familier de sorts": {
    "def": null,
    "plan": "biped",
    "scale": 1,
    "species": "Humain",
  },
  "Fanatique Gobelin": {
    "def": "Gobelin",
    "plan": "biped",
    "scale": 1,
    "species": "gobelin",
  },
  "Fantôme": {
    "def": "Fantôme",
    "plan": "spectral",
    "scale": 0.95,
    "species": "fantome",
  },
  "Faucon des Montagnes Grises": {
    "def": "Faucon des Montagnes Grises",
    "plan": "avian",
    "scale": 0.78,
    "species": "faucon-des-montagnes-grises",
  },
  "Faussaire": {
    "def": null,
    "plan": "biped",
    "scale": 1,
    "species": "humain",
  },
  "Fimir": {
    "def": "Fimir",
    "plan": "biped",
    "scale": 1,
    "species": "fimir",
  },
  "Fongus de Gork": {
    "def": "Orc",
    "plan": "biped",
    "scale": 1,
    "species": "orc",
  },
  "Fongus de Mork": {
    "def": "Gobelin",
    "plan": "biped",
    "scale": 1,
    "species": "gobelin",
  },
  "Fourgue": {
    "def": null,
    "plan": "biped",
    "scale": 1,
    "species": "humain",
  },
  "Frère Bengt": {
    "def": null,
    "plan": "biped",
    "scale": 1,
    "species": "humain",
  },
  "Fr’hough Mournbreath": {
    "def": "Fr'hough Mournbreath",
    "plan": "biped",
    "scale": 1.35,
    "species": "fr-hough-mournbreath",
  },
  "Furie Exaltée du Chaos": {
    "def": "Furie du Chaos",
    "plan": "biped",
    "scale": 1,
    "species": "furie-du-chaos",
  },
  "Furie du Chaos": {
    "def": "Furie du Chaos",
    "plan": "biped",
    "scale": 1,
    "species": "furie-du-chaos",
  },
  "Garde du Village": {
    "def": null,
    "plan": "biped",
    "scale": 1,
    "species": "humain",
  },
  "Garde-Chiourme": {
    "def": "Skaven",
    "plan": "biped",
    "scale": 1,
    "species": "skaven",
  },
  "Gardien des Secrets Exalté de Slaanesh": {
    "def": "Démon",
    "plan": "biped",
    "scale": 1,
    "species": "demon",
  },
  "Gardien des Secrets de Slaanesh": {
    "def": "Démon",
    "plan": "biped",
    "scale": 1,
    "species": "demon",
  },
  "Gargantuan": {
    "def": "Serpent",
    "plan": "serpentine",
    "scale": 1,
    "species": "serpent",
  },
  "Gerdon Salzwed": {
    "def": null,
    "plan": "biped",
    "scale": 1,
    "species": "humain",
  },
  "Gnawretch Skrray": {
    "def": "Skaven",
    "plan": "biped",
    "scale": 1,
    "species": "skaven",
  },
  "Gobelin": {
    "def": "Gobelin",
    "plan": "biped",
    "scale": 1,
    "species": "gobelin",
  },
  "Gobelin de la Nuit": {
    "def": "Gobelin",
    "plan": "biped",
    "scale": 1,
    "species": "gobelin",
  },
  "Gobelin des Forêts": {
    "def": "Gobelin",
    "plan": "biped",
    "scale": 1,
    "species": "gobelin",
  },
  "Gor": {
    "def": "Gor",
    "plan": "biped",
    "scale": 1,
    "species": "gor",
  },
  "Gor Chasseur": {
    "def": "Homme-bête",
    "plan": "biped",
    "scale": 1,
    "species": "homme-bete",
  },
  "Gor Chef de Guerre": {
    "def": "Homme-bête",
    "plan": "biped",
    "scale": 1,
    "species": "homme-bete",
  },
  "Gor Chef de Harde": {
    "def": "Homme-bête",
    "plan": "biped",
    "scale": 1,
    "species": "homme-bete",
  },
  "Gor Combattant": {
    "def": "Homme-bête",
    "plan": "biped",
    "scale": 1,
    "species": "homme-bete",
  },
  "Gor Éclaireur": {
    "def": "Homme-bête",
    "plan": "biped",
    "scale": 1,
    "species": "homme-bete",
  },
  "Goule": {
    "def": "Goule",
    "plan": "biped",
    "scale": 1,
    "species": "goule",
  },
  "Goule de crypte": {
    "def": "Goule",
    "plan": "biped",
    "scale": 1,
    "species": "goule",
  },
  "Grain d'achillée le lutin": {
    "def": "Lutin",
    "plan": "biped",
    "scale": 0.5,
    "species": "lutin",
  },
  "Grand Aigle": {
    "def": "Grand Aigle",
    "plan": "avian",
    "scale": 1.05,
    "species": "grand-aigle",
  },
  "Grand Cerf": {
    "def": "Grand Cerf",
    "plan": "quadruped",
    "scale": 1.12,
    "species": "grand-cerf",
  },
  "Grand Immonde Exalté de Nurgle": {
    "def": "Démon",
    "plan": "biped",
    "scale": 1,
    "species": "demon",
  },
  "Grand Immonde de Nurgle": {
    "def": "Démon",
    "plan": "biped",
    "scale": 1,
    "species": "demon",
  },
  "Grand Incendiaire de Tzeentch": {
    "def": "Bête des marais",
    "plan": "amorphous",
    "scale": 1.15,
    "species": "bete-des-marais",
  },
  "Grand Inquisiteur": {
    "def": null,
    "plan": "biped",
    "scale": 1,
    "species": "humain",
  },
  "Grand Loup": {
    "def": "Loup",
    "plan": "quadruped",
    "scale": 0.82,
    "species": "loup",
  },
  "Grand Maître des Hybridations": {
    "def": "Skaven",
    "plan": "biped",
    "scale": 1,
    "species": "skaven",
  },
  "Grand Moine de la Peste": {
    "def": "Skaven",
    "plan": "biped",
    "scale": 1,
    "species": "skaven",
  },
  "Grand Sanglier Ombrageux": {
    "def": "Sanglier",
    "plan": "quadruped",
    "scale": 0.84,
    "species": "sanglier",
  },
  "Grand Shaman Gobelin": {
    "def": "Gobelin",
    "plan": "biped",
    "scale": 1,
    "species": "gobelin",
  },
  "Grand Shaman Orc": {
    "def": "Orc",
    "plan": "biped",
    "scale": 1,
    "species": "orc",
  },
  "Grand Squig": {
    "def": "Squig",
    "plan": "squig",
    "scale": 0.85,
    "species": "squig",
  },
  "Grand Taurus": {
    "def": "Minotaure",
    "plan": "biped",
    "scale": 1,
    "species": "minotaure",
  },
  "Grand Troll Sanguinaire": {
    "def": "Démon",
    "plan": "biped",
    "scale": 1,
    "species": "demon",
  },
  "Grand vizir Bhar": {
    "def": null,
    "plan": "biped",
    "scale": 1,
    "species": "humain",
  },
  "Grande Prêtresse de Rhya": {
    "def": null,
    "plan": "biped",
    "scale": 1,
    "species": "humain",
  },
  "Griffon": {
    "def": "Griffon",
    "plan": "winged",
    "scale": 1.15,
    "species": "griffon",
  },
  "Griffon (Zoo Impérial)": {
    "def": "Griffon",
    "plan": "winged",
    "scale": 1.15,
    "species": "griffon",
  },
  "Guerrier Gobelin": {
    "def": "Gobelin",
    "plan": "biped",
    "scale": 1,
    "species": "gobelin",
  },
  "Guerrier Orc": {
    "def": "Orc",
    "plan": "biped",
    "scale": 1,
    "species": "orc",
  },
  "Guerrier des clans": {
    "def": "Skaven",
    "plan": "biped",
    "scale": 1,
    "species": "skaven",
  },
  "Guerrier du Chaos": {
    "def": "Guerrier du Chaos",
    "plan": "biped",
    "scale": 1,
    "species": "guerrier-du-chaos",
  },
  "Guerrier du Chaos Chef de Bande": {
    "def": "Guerrier du Chaos",
    "plan": "biped",
    "scale": 1,
    "species": "guerrier-du-chaos",
  },
  "Guerrier du Chaos Chef de Guerre": {
    "def": "Guerrier du Chaos",
    "plan": "biped",
    "scale": 1,
    "species": "guerrier-du-chaos",
  },
  "Gueule d'Effroi": {
    "def": "Serpent",
    "plan": "serpentine",
    "scale": 1,
    "species": "serpent",
  },
  "Guide-Racoleur": {
    "def": null,
    "plan": "biped",
    "scale": 1,
    "species": "humain",
  },
  "Géant": {
    "def": "Géant",
    "plan": "biped",
    "scale": 1.2,
    "species": "geant",
  },
  "Halfling": {
    "def": "Halfling",
    "plan": "biped",
    "scale": 1,
    "species": "halfling",
  },
  "Hasso Schroeter": {
    "def": null,
    "plan": "biped",
    "scale": 1,
    "species": "humain",
  },
  "Haut Druide de la Foi Antique": {
    "def": null,
    "plan": "biped",
    "scale": 1,
    "species": "humain",
  },
  "Haut Juge": {
    "def": null,
    "plan": "biped",
    "scale": 1,
    "species": "humain",
  },
  "Haut Prêtre-Rôdeur de Taal": {
    "def": null,
    "plan": "biped",
    "scale": 1,
    "species": "humain",
  },
  "Helmut Beckenbauer": {
    "def": null,
    "plan": "biped",
    "scale": 1,
    "species": "humain",
  },
  "Heomreth (Hibou Géant)": {
    "def": "Heomreth (Hibou Géant)",
    "plan": "avian",
    "scale": 1,
    "species": "heomreth-hibou-geant",
  },
  "Herboriste": {
    "def": null,
    "plan": "biped",
    "scale": 1,
    "species": "humain",
  },
  "Homme du Guet": {
    "def": null,
    "plan": "biped",
    "scale": 1,
    "species": "humain",
  },
  "Horde de Zombies": {
    "def": null,
    "plan": "swarm",
    "scale": 1,
    "species": "zombies",
  },
  "Horreur Rose de Tzeentch": {
    "def": "Horreur rose",
    "plan": "biped",
    "scale": 1.15,
    "species": "horreur-rose",
  },
  "Horreur bleue": {
    "def": "Horreur bleue",
    "plan": "biped",
    "scale": 0.8,
    "species": "horreur-bleue",
  },
  "Horreur des Profondeurs": {
    "def": "Rat géant",
    "plan": "quadruped",
    "scale": 0.62,
    "species": "rat-geant",
  },
  "Horreur du Clan Moulder": {
    "def": "Rat ogre",
    "plan": "biped",
    "scale": 1,
    "species": "rat-ogre",
  },
  "Horreur rose": {
    "def": "Horreur rose",
    "plan": "biped",
    "scale": 1.15,
    "species": "horreur-rose",
  },
  "Hugo Vallonvert": {
    "def": "Halfling",
    "plan": "biped",
    "scale": 1,
    "species": "halfling",
  },
  "Humain": {
    "def": null,
    "plan": "biped",
    "scale": 1,
    "species": "humain",
  },
  "Hydre": {
    "def": "Hydre",
    "plan": "quadruped",
    "scale": 1.2,
    "species": "hydre",
  },
  "Hydre d'os": {
    "def": "Hydre",
    "plan": "quadruped",
    "scale": 1.2,
    "species": "hydre",
  },
  "Hyppogriffe": {
    "def": "Hippogriffe",
    "plan": "winged",
    "scale": 1,
    "species": "hippogriffe",
  },
  "Héraut Exalté de Khorne": {
    "def": "Démon",
    "plan": "biped",
    "scale": 1,
    "species": "demon",
  },
  "Héraut Exalté de Nurgle": {
    "def": "Démon",
    "plan": "biped",
    "scale": 1,
    "species": "demon",
  },
  "Héraut Exalté de Slaanesh": {
    "def": "Démon",
    "plan": "biped",
    "scale": 1,
    "species": "demon",
  },
  "Héraut Exalté de Tzeentch": {
    "def": "Horreur rose",
    "plan": "biped",
    "scale": 1.15,
    "species": "horreur-rose",
  },
  "Héraut de Khorne": {
    "def": "Démon",
    "plan": "biped",
    "scale": 1,
    "species": "demon",
  },
  "Héraut de Nurgle": {
    "def": "Démon",
    "plan": "biped",
    "scale": 1,
    "species": "demon",
  },
  "Héraut de Slaanesh": {
    "def": "Démon",
    "plan": "biped",
    "scale": 1,
    "species": "demon",
  },
  "Héraut de Tzeentch": {
    "def": "Horreur rose",
    "plan": "biped",
    "scale": 1.15,
    "species": "horreur-rose",
  },
  "Il Potente Granchio": {
    "def": "Il Potente Granchio",
    "plan": "crustace",
    "scale": 1.1,
    "species": "il-potente-granchio",
  },
  "Incendiaire de Tzeentch": {
    "def": "Bête des marais",
    "plan": "amorphous",
    "scale": 1.15,
    "species": "bete-des-marais",
  },
  "Inquisiteur": {
    "def": null,
    "plan": "biped",
    "scale": 1,
    "species": "humain",
  },
  "Isrogdal l'Empressé": {
    "def": "Ogre",
    "plan": "biped",
    "scale": 1,
    "species": "ogre",
  },
  "Jabberslythe": {
    "def": "Jabberslythe",
    "plan": "jabberslythe",
    "scale": 1.15,
    "species": "jabberslythe",
  },
  "Jacopo Schmidt": {
    "def": null,
    "plan": "biped",
    "scale": 1,
    "species": "humain",
  },
  "Jaego Roth": {
    "def": null,
    "plan": "biped",
    "scale": 1,
    "species": "humain",
  },
  "Jetsam - la Gelée Intelligente": {
    "def": "Amibe",
    "plan": "amorphous",
    "scale": 1.15,
    "species": "amibe",
  },
  "Jeune Araignée Géante": {
    "def": "Araignée",
    "plan": "arachnid",
    "scale": 1,
    "species": "araignee",
  },
  "Jeune Brigand": {
    "def": null,
    "plan": "biped",
    "scale": 1,
    "species": "humain",
  },
  "Jeune Citadin (Citadins)": {
    "def": null,
    "plan": "biped",
    "scale": 1,
    "species": "humain",
  },
  "Jeune Citadin (I.B - Habitants des Villes)": {
    "def": null,
    "plan": "biped",
    "scale": 1,
    "species": "humain",
  },
  "Jeune Contrebandier": {
    "def": null,
    "plan": "biped",
    "scale": 1,
    "species": "humain",
  },
  "Jeune Contremaître": {
    "def": "Skaven",
    "plan": "biped",
    "scale": 1,
    "species": "skaven",
  },
  "Jeune Délinquant": {
    "def": null,
    "plan": "biped",
    "scale": 1,
    "species": "humain",
  },
  "Jeune Gobelin": {
    "def": "Gobelin",
    "plan": "biped",
    "scale": 1,
    "species": "gobelin",
  },
  "Jeune Gor": {
    "def": "Homme-bête",
    "plan": "biped",
    "scale": 1,
    "species": "homme-bete",
  },
  "Jeune Goule": {
    "def": "Goule",
    "plan": "biped",
    "scale": 1,
    "species": "goule",
  },
  "Jeune Interrogateur": {
    "def": null,
    "plan": "biped",
    "scale": 1,
    "species": "humain",
  },
  "Jeune Loup": {
    "def": "Loup",
    "plan": "quadruped",
    "scale": 0.82,
    "species": "loup",
  },
  "Jeune Moine de la Peste": {
    "def": "Skaven",
    "plan": "biped",
    "scale": 1,
    "species": "skaven",
  },
  "Jeune Naufrageur": {
    "def": null,
    "plan": "biped",
    "scale": 1,
    "species": "humain",
  },
  "Jeune Orc": {
    "def": "Orc",
    "plan": "biped",
    "scale": 1,
    "species": "orc",
  },
  "Jeune Ours": {
    "def": "Ours",
    "plan": "quadruped",
    "scale": 1.05,
    "species": "ours",
  },
  "Jeune Rat Géant": {
    "def": "Rat géant",
    "plan": "quadruped",
    "scale": 0.62,
    "species": "rat-geant",
  },
  "Jeune Recrue (Patrouilleurs Fluviaux)": {
    "def": null,
    "plan": "biped",
    "scale": 1,
    "species": "humain",
  },
  "Jeune Recrue (Patrouilleurs Ruraux)": {
    "def": null,
    "plan": "biped",
    "scale": 1,
    "species": "humain",
  },
  "Jeune Recrue (Soldats & Mercenaires)": {
    "def": null,
    "plan": "biped",
    "scale": 1,
    "species": "humain",
  },
  "Jeune Recrue (Vermines de Choc)": {
    "def": "Skaven",
    "plan": "biped",
    "scale": 1,
    "species": "skaven",
  },
  "Jeune Recrue de la Garde du Village": {
    "def": null,
    "plan": "biped",
    "scale": 1,
    "species": "humain",
  },
  "Jeune Recrue du Guet": {
    "def": null,
    "plan": "biped",
    "scale": 1,
    "species": "humain",
  },
  "Jeune Sanglier": {
    "def": "Sanglier",
    "plan": "quadruped",
    "scale": 0.84,
    "species": "sanglier",
  },
  "Jeune Skaven": {
    "def": "Skaven",
    "plan": "biped",
    "scale": 1,
    "species": "skaven",
  },
  "Jeune Squig": {
    "def": "Squig",
    "plan": "squig",
    "scale": 0.85,
    "species": "squig",
  },
  "Jeune Troll": {
    "def": "Troll",
    "plan": "biped",
    "scale": 1,
    "species": "troll",
  },
  "Jeune Ungor": {
    "def": "Ungor",
    "plan": "biped",
    "scale": 1,
    "species": "ungor",
  },
  "Jeune Villageois": {
    "def": null,
    "plan": "biped",
    "scale": 1,
    "species": "humain",
  },
  "Johen": {
    "def": null,
    "plan": "biped",
    "scale": 1,
    "species": "humain",
  },
  "Juge": {
    "def": null,
    "plan": "biped",
    "scale": 1,
    "species": "humain",
  },
  "Kanker Flett": {
    "def": "Skaven",
    "plan": "biped",
    "scale": 1,
    "species": "skaven",
  },
  "Kapo": {
    "def": "Skaven",
    "plan": "biped",
    "scale": 1,
    "species": "skaven",
  },
  "Kat Sperber": {
    "def": null,
    "plan": "biped",
    "scale": 1,
    "species": "humain",
  },
  "Kharibde": {
    "def": "Amibe",
    "plan": "amorphous",
    "scale": 1.15,
    "species": "amibe",
  },
  "L'Ombre du Fleuve": {
    "def": "Cheval",
    "plan": "quadruped",
    "scale": 0.9,
    "species": "cheval",
  },
  "La Bête de l'Oblast": {
    "def": "Chimère",
    "plan": "winged",
    "scale": 1.25,
    "species": "chimere",
  },
  "Le Déchiqueteur de Cadavres": {
    "def": "Le Déchiqueteur de Cadavres",
    "plan": "quadruped",
    "scale": 1.15,
    "species": "le-dechiqueteur-de-cadavres",
  },
  "Le Fantasma": {
    "def": "Dragon",
    "plan": "winged",
    "scale": 1.25,
    "species": "dragon",
  },
  "Le Vieux Dos-de-Pus": {
    "def": "Sanglier",
    "plan": "quadruped",
    "scale": 0.84,
    "species": "sanglier",
  },
  "Le vieil Otto": {
    "def": null,
    "plan": "biped",
    "scale": 1,
    "species": "humain",
  },
  "Lion de Guerre de Chrace": {
    "def": "Lion de Guerre de Chrace",
    "plan": "quadruped",
    "scale": 1.12,
    "species": "lion-de-guerre-de-chrace",
  },
  "Long Drong Silver": {
    "def": "Nain",
    "plan": "biped",
    "scale": 1,
    "species": "nain",
  },
  "Loup": {
    "def": "Loup",
    "plan": "quadruped",
    "scale": 0.82,
    "species": "loup",
  },
  "Loup Adulte": {
    "def": "Loup",
    "plan": "quadruped",
    "scale": 0.82,
    "species": "loup",
  },
  "Loup Blanc": {
    "def": "Loup",
    "plan": "quadruped",
    "scale": 0.82,
    "species": "loup",
  },
  "Loup funeste": {
    "def": "Loup",
    "plan": "quadruped",
    "scale": 0.82,
    "species": "loup",
  },
  "Léviathan": {
    "def": "Léviathan",
    "plan": "crustace",
    "scale": 1.15,
    "species": "leviathan",
  },
  "Léviathan noir": {
    "def": "Brochet du Stir",
    "plan": "fish",
    "scale": 1.05,
    "species": "brochet-du-stir",
  },
  "Léviathan-phare": {
    "def": "Brochet du Stir",
    "plan": "fish",
    "scale": 1.05,
    "species": "brochet-du-stir",
  },
  "Macareux à Bec Tranchant": {
    "def": "Macareux à Bec Tranchant",
    "plan": "avian",
    "scale": 0.6,
    "species": "macareux-a-bec-tranchant",
  },
  "Magister Mortis": {
    "def": null,
    "plan": "biped",
    "scale": 1,
    "species": "humain",
  },
  "Maistre Apothicaire": {
    "def": null,
    "plan": "biped",
    "scale": 1,
    "species": "humain",
  },
  "Maistre Artisan (Services Ruraux Fréquents & Usuels)": {
    "def": null,
    "plan": "biped",
    "scale": 1,
    "species": "humain",
  },
  "Maistre Artisan (Services Urbains Fréquents & Usuels)": {
    "def": null,
    "plan": "biped",
    "scale": 1,
    "species": "humain",
  },
  "Maistre Faussaire": {
    "def": null,
    "plan": "biped",
    "scale": 1,
    "species": "humain",
  },
  "Maistre Herboriste": {
    "def": null,
    "plan": "biped",
    "scale": 1,
    "species": "humain",
  },
  "Maistre Marchand (Services Ruraux Fréquents & Usuels)": {
    "def": null,
    "plan": "biped",
    "scale": 1,
    "species": "humain",
  },
  "Maistre Marchand (Services Urbains Fréquents & Usuels)": {
    "def": null,
    "plan": "biped",
    "scale": 1,
    "species": "humain",
  },
  "Mangeuse d'hommes de la Drakwald (Araignée Géante)": {
    "def": "Araignée",
    "plan": "arachnid",
    "scale": 1,
    "species": "araignee",
  },
  "Manticore": {
    "def": "Manticore",
    "plan": "winged",
    "scale": 1.15,
    "species": "manticore",
  },
  "Maraudeur du Chaos": {
    "def": null,
    "plan": "biped",
    "scale": 1,
    "species": "humain",
  },
  "Maraudeur du Chaos Chef de Bande": {
    "def": null,
    "plan": "biped",
    "scale": 1,
    "species": "humain",
  },
  "Maraudeur du Chaos Chef de Guerre": {
    "def": null,
    "plan": "biped",
    "scale": 1,
    "species": "humain",
  },
  "Marchand (Services Ruraux Fréquents & Usuels)": {
    "def": null,
    "plan": "biped",
    "scale": 1,
    "species": "humain",
  },
  "Marchand (Services Urbains Fréquents & Usuels)": {
    "def": null,
    "plan": "biped",
    "scale": 1,
    "species": "humain",
  },
  "Marta Gerbenshreiber": {
    "def": null,
    "plan": "biped",
    "scale": 1,
    "species": "humain",
  },
  "Maître Assassin": {
    "def": "Skaven",
    "plan": "biped",
    "scale": 1,
    "species": "skaven",
  },
  "Maître des Hybridation": {
    "def": "Skaven",
    "plan": "biped",
    "scale": 1,
    "species": "skaven",
  },
  "Maître des Taillis": {
    "def": null,
    "plan": "biped",
    "scale": 1,
    "species": "humain",
  },
  "Maître des Égouts": {
    "def": "Rat géant",
    "plan": "quadruped",
    "scale": 0.62,
    "species": "rat-geant",
  },
  "Minotaure": {
    "def": "Minotaure",
    "plan": "biped",
    "scale": 1,
    "species": "minotaure",
  },
  "Moine D’ulric": {
    "def": null,
    "plan": "biped",
    "scale": 1,
    "species": "humain",
  },
  "Moine Novice de Taal": {
    "def": null,
    "plan": "biped",
    "scale": 1,
    "species": "humain",
  },
  "Moine de Sigmar": {
    "def": null,
    "plan": "biped",
    "scale": 1,
    "species": "humain",
  },
  "Moine de Taal": {
    "def": null,
    "plan": "biped",
    "scale": 1,
    "species": "humain",
  },
  "Moine de la Peste": {
    "def": "Skaven",
    "plan": "biped",
    "scale": 1,
    "species": "skaven",
  },
  "Monture Décharné": {
    "def": "Cheval",
    "plan": "quadruped",
    "scale": 0.9,
    "species": "cheval",
  },
  "Moritz Valgeir": {
    "def": null,
    "plan": "biped",
    "scale": 1,
    "species": "humain",
  },
  "Mule": {
    "def": "Cheval",
    "plan": "quadruped",
    "scale": 0.9,
    "species": "cheval",
  },
  "Mutant": {
    "def": null,
    "plan": "biped",
    "scale": 1,
    "species": "humain",
  },
  "Médecin": {
    "def": null,
    "plan": "biped",
    "scale": 1,
    "species": "humain",
  },
  "Nain": {
    "def": "Nain",
    "plan": "biped",
    "scale": 1,
    "species": "nain",
  },
  "Nautonier": {
    "def": null,
    "plan": "biped",
    "scale": 1,
    "species": "humain",
  },
  "Nazzaalta Affabule": {
    "def": "Ogre",
    "plan": "biped",
    "scale": 1,
    "species": "ogre",
  },
  "Naïade": {
    "def": null,
    "plan": "biped",
    "scale": 1,
    "species": "humain",
  },
  "Notable": {
    "def": null,
    "plan": "biped",
    "scale": 1,
    "species": "humain",
  },
  "Nurglings": {
    "def": "Démon",
    "plan": "biped",
    "scale": 1,
    "species": "demon",
  },
  "Nuée D’araignées Infantiles": {
    "def": null,
    "plan": "swarm",
    "scale": 1,
    "species": "araignees",
  },
  "Nuée de Jeunes Squigs": {
    "def": null,
    "plan": "swarm",
    "scale": 1,
    "species": "squigs",
  },
  "Nuée de Marcassins": {
    "def": null,
    "plan": "swarm",
    "scale": 1,
    "species": "marcassins",
  },
  "Nuée de Nurglings": {
    "def": null,
    "plan": "swarm",
    "scale": 1,
    "species": "nurglings",
  },
  "Nuée de Rats": {
    "def": null,
    "plan": "swarm",
    "scale": 1,
    "species": "rats",
  },
  "Nuée de Snotlings": {
    "def": null,
    "plan": "swarm",
    "scale": 1,
    "species": "snotlings",
  },
  "Nuée de squigs des cavernes": {
    "def": null,
    "plan": "swarm",
    "scale": 1,
    "species": "squigs",
  },
  "Nécromancien": {
    "def": null,
    "plan": "biped",
    "scale": 1,
    "species": "humain",
  },
  "Nécromancien Puissant": {
    "def": null,
    "plan": "biped",
    "scale": 1,
    "species": "humain",
  },
  "Nécrophage": {
    "def": "Goule",
    "plan": "biped",
    "scale": 1,
    "species": "goule",
  },
  "Officier": {
    "def": null,
    "plan": "biped",
    "scale": 1,
    "species": "humain",
  },
  "Ogre": {
    "def": "Ogre",
    "plan": "biped",
    "scale": 1,
    "species": "ogre",
  },
  "Olg Blóðsalt": {
    "def": null,
    "plan": "biped",
    "scale": 1,
    "species": "humain",
  },
  "Ombre Vengeresse": {
    "def": "Spectre",
    "plan": "spectral",
    "scale": 0.98,
    "species": "spectre",
  },
  "Orc": {
    "def": "Orc",
    "plan": "biped",
    "scale": 1,
    "species": "orc",
  },
  "Ours": {
    "def": "Ours",
    "plan": "quadruped",
    "scale": 1.05,
    "species": "ours",
  },
  "Ours Adulte": {
    "def": "Ours",
    "plan": "quadruped",
    "scale": 1.05,
    "species": "ours",
  },
  "P'tarix, Celui qui écrit": {
    "def": "Horreur bleue",
    "plan": "biped",
    "scale": 0.8,
    "species": "horreur-bleue",
  },
  "Patrouilleur Fluvial": {
    "def": null,
    "plan": "biped",
    "scale": 1,
    "species": "humain",
  },
  "Patrouilleur Rural": {
    "def": null,
    "plan": "biped",
    "scale": 1,
    "species": "humain",
  },
  "Peau-de-Loup": {
    "def": "Peau-de-Loup",
    "plan": "biped",
    "scale": 1,
    "species": "peau-de-loup",
  },
  "Pieuvre des tourbières": {
    "def": "Pieuvre",
    "plan": "cephalopod",
    "scale": 1.05,
    "species": "pieuvre",
  },
  "Pigeon": {
    "def": "Pigeon",
    "plan": "avian",
    "scale": 0.62,
    "species": "pigeon",
  },
  "Pilleur de Cryptes": {
    "def": null,
    "plan": "biped",
    "scale": 1,
    "species": "humain",
  },
  "Pilleur de Tombes": {
    "def": null,
    "plan": "biped",
    "scale": 1,
    "species": "humain",
  },
  "Pirate Fluvial": {
    "def": null,
    "plan": "biped",
    "scale": 1,
    "species": "humain",
  },
  "Plongeur de la Mort": {
    "def": "Gobelin",
    "plan": "biped",
    "scale": 1,
    "species": "gobelin",
  },
  "Pol Dankels": {
    "def": null,
    "plan": "biped",
    "scale": 1,
    "species": "humain",
  },
  "Poney": {
    "def": "Cheval",
    "plan": "quadruped",
    "scale": 0.9,
    "species": "cheval",
  },
  "Porte-Peste de Nurgle": {
    "def": "Démon",
    "plan": "biped",
    "scale": 1,
    "species": "demon",
  },
  "Poulain": {
    "def": "Cheval",
    "plan": "quadruped",
    "scale": 0.9,
    "species": "cheval",
  },
  "Poulet": {
    "def": "Poulet",
    "plan": "avian",
    "scale": 0.7,
    "species": "poulet",
  },
  "Preyton": {
    "def": "Preyton",
    "plan": "winged",
    "scale": 1.1,
    "species": "preyton",
  },
  "Prophète Gris": {
    "def": "Prophète gris",
    "plan": "biped",
    "scale": 1,
    "species": "prophete-gris",
  },
  "Prophète Gris Ancien": {
    "def": "Prophète gris",
    "plan": "biped",
    "scale": 1,
    "species": "prophete-gris",
  },
  "Protagoniste": {
    "def": null,
    "plan": "biped",
    "scale": 1,
    "species": "humain",
  },
  "Prédateur sanglant": {
    "def": "Prédateur sanglant",
    "plan": "biped",
    "scale": 1.08,
    "species": "predateur-sanglant",
  },
  "Prédicateur de la Peste": {
    "def": "Skaven",
    "plan": "biped",
    "scale": 1,
    "species": "skaven",
  },
  "Prêtre D’ulric": {
    "def": null,
    "plan": "biped",
    "scale": 1,
    "species": "humain",
  },
  "Prêtre de Sigmar": {
    "def": null,
    "plan": "biped",
    "scale": 1,
    "species": "humain",
  },
  "Prêtre-Rôdeur de Taal": {
    "def": null,
    "plan": "biped",
    "scale": 1,
    "species": "humain",
  },
  "Prêtre-Voleur de Ranald (I.C - Criminalité Urbaine)": {
    "def": null,
    "plan": "biped",
    "scale": 1,
    "species": "humain",
  },
  "Prêtresse de Rhya": {
    "def": null,
    "plan": "biped",
    "scale": 1,
    "species": "humain",
  },
  "Prêtresse de Shallya": {
    "def": null,
    "plan": "biped",
    "scale": 1,
    "species": "humain",
  },
  "Prêtresse de Verena": {
    "def": null,
    "plan": "biped",
    "scale": 1,
    "species": "humain",
  },
  "Pâtre de la Nuit": {
    "def": "Homme-bête",
    "plan": "biped",
    "scale": 1,
    "species": "homme-bete",
  },
  "Pégase": {
    "def": "Pégase",
    "plan": "winged",
    "scale": 0.95,
    "species": "pegase",
  },
  "Pégase Noir": {
    "def": "Pégase",
    "plan": "winged",
    "scale": 0.95,
    "species": "pegase",
  },
  "Quadrilleur Gobelin": {
    "def": "Gobelin",
    "plan": "biped",
    "scale": 1,
    "species": "gobelin",
  },
  "Racketteur": {
    "def": null,
    "plan": "biped",
    "scale": 1,
    "species": "humain",
  },
  "Racoleur": {
    "def": null,
    "plan": "biped",
    "scale": 1,
    "species": "humain",
  },
  "Rat Géant": {
    "def": "Rat géant",
    "plan": "quadruped",
    "scale": 0.62,
    "species": "rat-geant",
  },
  "Rat Loup": {
    "def": "Rat Loup",
    "plan": "quadruped",
    "scale": 0.85,
    "species": "rat-loup",
  },
  "Rat Ogre Augmenté": {
    "def": "Rat ogre",
    "plan": "biped",
    "scale": 1,
    "species": "rat-ogre",
  },
  "Rat Ogre Briseur d'os": {
    "def": "Rat ogre",
    "plan": "biped",
    "scale": 1,
    "species": "rat-ogre",
  },
  "Rat Ogre Fonctionnel": {
    "def": "Rat ogre",
    "plan": "biped",
    "scale": 1,
    "species": "rat-ogre",
  },
  "Rat géant": {
    "def": "Rat géant",
    "plan": "quadruped",
    "scale": 0.62,
    "species": "rat-geant",
  },
  "Rat ogre": {
    "def": "Rat ogre",
    "plan": "biped",
    "scale": 1,
    "species": "rat-ogre",
  },
  "Raukos": {
    "def": "Loup",
    "plan": "quadruped",
    "scale": 0.82,
    "species": "loup",
  },
  "Razorgor": {
    "def": "Sanglier",
    "plan": "quadruped",
    "scale": 0.84,
    "species": "sanglier",
  },
  "Rebouteux": {
    "def": null,
    "plan": "biped",
    "scale": 1,
    "species": "humain",
  },
  "Receleur": {
    "def": null,
    "plan": "biped",
    "scale": 1,
    "species": "humain",
  },
  "Reine des Cryptes": {
    "def": "Goule",
    "plan": "biped",
    "scale": 1,
    "species": "goule",
  },
  "Religieuse Novice de Rhya": {
    "def": null,
    "plan": "biped",
    "scale": 1,
    "species": "humain",
  },
  "Religieuse de Rhya": {
    "def": null,
    "plan": "biped",
    "scale": 1,
    "species": "humain",
  },
  "Religieuse de Shallya": {
    "def": null,
    "plan": "biped",
    "scale": 1,
    "species": "humain",
  },
  "Religieuse de Verena": {
    "def": null,
    "plan": "biped",
    "scale": 1,
    "species": "humain",
  },
  "Rhinox": {
    "def": "Ours",
    "plan": "quadruped",
    "scale": 1.05,
    "species": "ours",
  },
  "Ritta": {
    "def": null,
    "plan": "biped",
    "scale": 1,
    "species": "humain",
  },
  "Riverain": {
    "def": null,
    "plan": "biped",
    "scale": 1,
    "species": "humain",
  },
  "Riverain Respecté": {
    "def": null,
    "plan": "biped",
    "scale": 1,
    "species": "humain",
  },
  "Roi du Trafic": {
    "def": null,
    "plan": "biped",
    "scale": 1,
    "species": "humain",
  },
  "Répurgateur": {
    "def": null,
    "plan": "biped",
    "scale": 1,
    "species": "humain",
  },
  "Sanglier": {
    "def": "Sanglier",
    "plan": "quadruped",
    "scale": 0.84,
    "species": "sanglier",
  },
  "Sanglier Adulte": {
    "def": "Sanglier",
    "plan": "quadruped",
    "scale": 0.84,
    "species": "sanglier",
  },
  "Sanglier Féroce": {
    "def": "Sanglier",
    "plan": "quadruped",
    "scale": 0.84,
    "species": "sanglier",
  },
  "Sangsue Caméléon": {
    "def": "Sangsue",
    "plan": "serpentine",
    "scale": 0.92,
    "species": "sangsue",
  },
  "Sangsue des abysses": {
    "def": "Sangsue",
    "plan": "serpentine",
    "scale": 0.92,
    "species": "sangsue",
  },
  "Sangsue des arbres": {
    "def": "Sangsue",
    "plan": "serpentine",
    "scale": 0.92,
    "species": "sangsue",
  },
  "Sangsue géante": {
    "def": "Sangsue",
    "plan": "serpentine",
    "scale": 0.92,
    "species": "sangsue",
  },
  "Sanguinaire de Khorne": {
    "def": "Démon",
    "plan": "biped",
    "scale": 1,
    "species": "demon",
  },
  "Seigneur Pirate": {
    "def": null,
    "plan": "biped",
    "scale": 1,
    "species": "humain",
  },
  "Seigneur Vampire": {
    "def": "Vampire",
    "plan": "biped",
    "scale": 1,
    "species": "vampire",
  },
  "Seigneur du Changement Exalté de Tzeentch": {
    "def": "Furie du Chaos",
    "plan": "biped",
    "scale": 1,
    "species": "furie-du-chaos",
  },
  "Seigneur du Changement de Tzeentch": {
    "def": "Furie du Chaos",
    "plan": "biped",
    "scale": 1,
    "species": "furie-du-chaos",
  },
  "Seigneur-Brigand": {
    "def": null,
    "plan": "biped",
    "scale": 1,
    "species": "humain",
  },
  "Sergent (Patrouilleurs Fluviaux)": {
    "def": null,
    "plan": "biped",
    "scale": 1,
    "species": "humain",
  },
  "Sergent (Patrouilleurs Ruraux)": {
    "def": null,
    "plan": "biped",
    "scale": 1,
    "species": "humain",
  },
  "Sergent du Guet": {
    "def": null,
    "plan": "biped",
    "scale": 1,
    "species": "humain",
  },
  "Serpent": {
    "def": "Serpent",
    "plan": "serpentine",
    "scale": 1,
    "species": "serpent",
  },
  "Shaman Gobelin": {
    "def": "Gobelin",
    "plan": "biped",
    "scale": 1,
    "species": "gobelin",
  },
  "Shaman Gor": {
    "def": "Homme-bête",
    "plan": "biped",
    "scale": 1,
    "species": "homme-bete",
  },
  "Shaman Orc": {
    "def": "Orc",
    "plan": "biped",
    "scale": 1,
    "species": "orc",
  },
  "Singe": {
    "def": "Singe",
    "plan": "biped",
    "scale": 0.7,
    "species": "singe",
  },
  "Sirène": {
    "def": "Sirène",
    "plan": "biped",
    "scale": 1,
    "species": "sirene",
  },
  "Skaven": {
    "def": "Skaven",
    "plan": "biped",
    "scale": 1,
    "species": "skaven",
  },
  "Skree": {
    "def": "Skaven",
    "plan": "biped",
    "scale": 1,
    "species": "skaven",
  },
  "Slenderthigh Whiptongue": {
    "def": "Slenderthigh Whiptongue",
    "plan": "biped",
    "scale": 1.15,
    "species": "slenderthigh-whiptongue",
  },
  "Snotling": {
    "def": "Snotling",
    "plan": "biped",
    "scale": 1,
    "species": "snotling",
  },
  "Soldat & Mercenaire Aguerri": {
    "def": null,
    "plan": "biped",
    "scale": 1,
    "species": "humain",
  },
  "Sommier": {
    "def": "Cheval",
    "plan": "quadruped",
    "scale": 0.9,
    "species": "cheval",
  },
  "Sorcier du Chaos": {
    "def": null,
    "plan": "biped",
    "scale": 1,
    "species": "humain",
  },
  "Sorcier du Chaos Effroyable": {
    "def": null,
    "plan": "biped",
    "scale": 1,
    "species": "humain",
  },
  "Sorcier du Chaos Terrifiant": {
    "def": null,
    "plan": "biped",
    "scale": 1,
    "species": "humain",
  },
  "Sorcière": {
    "def": null,
    "plan": "biped",
    "scale": 1,
    "species": "humain",
  },
  "Sorcière Troll des Marais": {
    "def": "Troll",
    "plan": "biped",
    "scale": 1,
    "species": "troll",
  },
  "Sorcière Troll des Rivières": {
    "def": "Troll",
    "plan": "biped",
    "scale": 1,
    "species": "troll",
  },
  "Sous-Officier": {
    "def": null,
    "plan": "biped",
    "scale": 1,
    "species": "humain",
  },
  "Spectre": {
    "def": "Spectre",
    "plan": "spectral",
    "scale": 0.98,
    "species": "spectre",
  },
  "Spectre de cairn": {
    "def": "Spectre",
    "plan": "spectral",
    "scale": 0.98,
    "species": "spectre",
  },
  "Squelette": {
    "def": "Squelette",
    "plan": "biped",
    "scale": 1,
    "species": "squelette",
  },
  "Squelette Vigoureux": {
    "def": "Squelette",
    "plan": "biped",
    "scale": 1,
    "species": "squelette",
  },
  "Squig": {
    "def": "Squig",
    "plan": "squig",
    "scale": 0.85,
    "species": "squig",
  },
  "Squig Monstrueux": {
    "def": "Squig",
    "plan": "squig",
    "scale": 0.85,
    "species": "squig",
  },
  "Squig des cavernes": {
    "def": "Squig",
    "plan": "squig",
    "scale": 0.85,
    "species": "squig",
  },
  "Stefan Hochen": {
    "def": null,
    "plan": "biped",
    "scale": 1,
    "species": "humain",
  },
  "Stylet": {
    "def": "Brochet du Stir",
    "plan": "fish",
    "scale": 1.05,
    "species": "brochet-du-stir",
  },
  "Stégadon": {
    "def": "Stégadon",
    "plan": "quadruped",
    "scale": 1.3,
    "species": "stegadon",
  },
  "Syrène bleue": {
    "def": "Banshee",
    "plan": "spectral",
    "scale": 0.96,
    "species": "banshee",
  },
  "Technomage": {
    "def": "Skaven",
    "plan": "biped",
    "scale": 1,
    "species": "skaven",
  },
  "Technomage Expérimenté": {
    "def": "Skaven",
    "plan": "biped",
    "scale": 1,
    "species": "skaven",
  },
  "Technomage du Clan Skryre": {
    "def": "Skaven",
    "plan": "biped",
    "scale": 1,
    "species": "skaven",
  },
  "Terreur des Cavernes": {
    "def": "Ours",
    "plan": "quadruped",
    "scale": 1.05,
    "species": "ours",
  },
  "Theresia Kleist": {
    "def": null,
    "plan": "biped",
    "scale": 1,
    "species": "humain",
  },
  "Traqueur Impitoyable": {
    "def": "Loup",
    "plan": "quadruped",
    "scale": 0.82,
    "species": "loup",
  },
  "Traudl Bauer": {
    "def": null,
    "plan": "biped",
    "scale": 1,
    "species": "humain",
  },
  "Triton": {
    "def": null,
    "plan": "biped",
    "scale": 1,
    "species": "humain",
  },
  "Troll": {
    "def": "Troll",
    "plan": "biped",
    "scale": 1,
    "species": "troll",
  },
  "Troll Vétéran": {
    "def": "Troll",
    "plan": "biped",
    "scale": 1,
    "species": "troll",
  },
  "Troll des Rivières": {
    "def": "Troll",
    "plan": "biped",
    "scale": 1,
    "species": "troll",
  },
  "Trégara": {
    "def": "Trégara",
    "plan": "crustace",
    "scale": 0.95,
    "species": "tregara",
  },
  "Tueur À Gages": {
    "def": null,
    "plan": "biped",
    "scale": 1,
    "species": "humain",
  },
  "Ugrik l'Égarée": {
    "def": "Ogre",
    "plan": "biped",
    "scale": 1,
    "species": "ogre",
  },
  "Ungor": {
    "def": "Ungor",
    "plan": "biped",
    "scale": 1,
    "species": "ungor",
  },
  "Ungor Adulte": {
    "def": "Ungor",
    "plan": "biped",
    "scale": 1,
    "species": "ungor",
  },
  "Vampire": {
    "def": "Vampire",
    "plan": "biped",
    "scale": 1,
    "species": "vampire",
  },
  "Ver des Marais": {
    "def": "Serpent",
    "plan": "serpentine",
    "scale": 1,
    "species": "serpent",
  },
  "Vermine de Choc": {
    "def": "Skaven",
    "plan": "biped",
    "scale": 1,
    "species": "skaven",
  },
  "Vermine de choc": {
    "def": "Vermine de choc",
    "plan": "biped",
    "scale": 1.1,
    "species": "vermine-de-choc",
  },
  "Vers": {
    "def": "Vers",
    "plan": "serpentine",
    "scale": 0.7,
    "species": "vers",
  },
  "Vhargulf": {
    "def": "Varghulf",
    "plan": "winged",
    "scale": 1.12,
    "species": "varghulf",
  },
  "Vieil Ours Mal Léché": {
    "def": "Ours",
    "plan": "quadruped",
    "scale": 1.05,
    "species": "ours",
  },
  "Vieille Sorcière Troll des Marais": {
    "def": "Troll",
    "plan": "biped",
    "scale": 1,
    "species": "troll",
  },
  "Villageois": {
    "def": null,
    "plan": "biped",
    "scale": 1,
    "species": "humain",
  },
  "Voleur": {
    "def": null,
    "plan": "biped",
    "scale": 1,
    "species": "humain",
  },
  "Voleur Aguerri": {
    "def": null,
    "plan": "biped",
    "scale": 1,
    "species": "humain",
  },
  "Volée de Noctecorbes": {
    "def": null,
    "plan": "swarm",
    "scale": 1,
    "species": "noctecorbes",
  },
  "Vouivre": {
    "def": "Dragon",
    "plan": "winged",
    "scale": 1.25,
    "species": "dragon",
  },
  "Vouivre (Zoo Impérial)": {
    "def": "Dragon",
    "plan": "winged",
    "scale": 1.25,
    "species": "dragon",
  },
  "Voyou": {
    "def": null,
    "plan": "biped",
    "scale": 1,
    "species": "humain",
  },
  "Vrisk Gratte-le-Fer": {
    "def": "Skaven",
    "plan": "biped",
    "scale": 1,
    "species": "skaven",
  },
  "Vénérable": {
    "def": null,
    "plan": "biped",
    "scale": 1,
    "species": "humain",
  },
  "Waldtraud Blass": {
    "def": null,
    "plan": "biped",
    "scale": 1,
    "species": "humain",
  },
  "Walpurga Wurklich": {
    "def": null,
    "plan": "biped",
    "scale": 1,
    "species": "humain",
  },
  "Wereburga Krotpreffer": {
    "def": null,
    "plan": "biped",
    "scale": 1,
    "species": "humain",
  },
  "Wolfgard Hohmann": {
    "def": null,
    "plan": "biped",
    "scale": 1,
    "species": "humain",
  },
  "Wulfric Tore": {
    "def": null,
    "plan": "biped",
    "scale": 1,
    "species": "humain",
  },
  "Wulfrik": {
    "def": null,
    "plan": "biped",
    "scale": 1,
    "species": "humain",
  },
  "Wulfrum Viert": {
    "def": null,
    "plan": "biped",
    "scale": 1,
    "species": "humain",
  },
  "Wyrm des Mers": {
    "def": "Serpent",
    "plan": "serpentine",
    "scale": 1,
    "species": "serpent",
  },
  "Xirat'p, Celui qui lit": {
    "def": "Horreur bleue",
    "plan": "biped",
    "scale": 0.8,
    "species": "horreur-bleue",
  },
  "Yanni Weber": {
    "def": null,
    "plan": "biped",
    "scale": 1,
    "species": "humain",
  },
  "Zombie": {
    "def": "Zombie",
    "plan": "biped",
    "scale": 1,
    "species": "zombie",
  },
  "Zombie Faible": {
    "def": "Zombie",
    "plan": "biped",
    "scale": 1,
    "species": "zombie",
  },
  "Zombie Gardien": {
    "def": "Zombie",
    "plan": "biped",
    "scale": 1,
    "species": "zombie",
  },
  "« L'abominable » Halagrundsor": {
    "def": "Géant",
    "plan": "biped",
    "scale": 1.2,
    "species": "geant",
  },
  "« Prototype » du Clan Skryre": {
    "def": "Rat ogre",
    "plan": "biped",
    "scale": 1,
    "species": "rat-ogre",
  },
  "Âne": {
    "def": "Cheval",
    "plan": "quadruped",
    "scale": 0.9,
    "species": "cheval",
  },
  "Éclaireur Gobelin": {
    "def": "Gobelin",
    "plan": "biped",
    "scale": 1,
    "species": "gobelin",
  },
  "Éclaireur Orc": {
    "def": "Orc",
    "plan": "biped",
    "scale": 1,
    "species": "orc",
  },
  "Élémentaire de mer": {
    "def": "Amibe",
    "plan": "amorphous",
    "scale": 1.15,
    "species": "amibe",
  },
  "Élémentaire incarné de la Mort": {
    "def": null,
    "plan": "biped",
    "scale": 1,
    "species": "Humain",
  },
  "Élémentaire incarné du Feu": {
    "def": null,
    "plan": "biped",
    "scale": 1,
    "species": "Humain",
  },
  "Érudit": {
    "def": null,
    "plan": "biped",
    "scale": 1,
    "species": "humain",
  },
  "Érudit de Renom": {
    "def": null,
    "plan": "biped",
    "scale": 1,
    "species": "humain",
  },
}
`;

exports[`golden — résolution espèce/id→apparence (anti-régression de-POC match-par-nom) > defs du registre : id d’espèce → (plan, espèce, def, échelle) 1`] = `
{
  "amibe": {
    "def": "Amibe",
    "plan": "amorphous",
    "scale": 1.15,
    "species": "amibe",
  },
  "araignee": {
    "def": "Araignée",
    "plan": "arachnid",
    "scale": 1,
    "species": "araignee",
  },
  "baliste": {
    "def": "Baliste",
    "plan": "engin",
    "scale": 1,
    "species": "baliste",
  },
  "banshee": {
    "def": "Banshee",
    "plan": "spectral",
    "scale": 0.96,
    "species": "banshee",
  },
  "basilic": {
    "def": "Basilic",
    "plan": "quadruped",
    "scale": 1.25,
    "species": "basilic",
  },
  "bete-des-marais": {
    "def": "Bête des marais",
    "plan": "amorphous",
    "scale": 1.15,
    "species": "bete-des-marais",
  },
  "bete-imperiale": {
    "def": "Bête Impériale",
    "plan": "biped",
    "scale": 0.85,
    "species": "bete-imperiale",
  },
  "blaireau": {
    "def": "Blaireau",
    "plan": "quadruped",
    "scale": 0.84,
    "species": "blaireau",
  },
  "boeuf": {
    "def": "Bœuf",
    "plan": "quadruped",
    "scale": 1.06,
    "species": "boeuf",
  },
  "brochet-du-stir": {
    "def": "Brochet du Stir",
    "plan": "fish",
    "scale": 1.05,
    "species": "brochet-du-stir",
  },
  "canon-petit": {
    "def": "Canon de siège",
    "plan": "engin",
    "scale": 1,
    "species": "canon-petit",
  },
  "carnosaure": {
    "def": "Carnosaure",
    "plan": "theropode",
    "scale": 1.35,
    "species": "carnosaure",
  },
  "chamane-brey": {
    "def": "Chamane-Brey",
    "plan": "biped",
    "scale": 1,
    "species": "chamane-brey",
  },
  "chat-sauvage": {
    "def": "Chat Sauvage",
    "plan": "quadruped",
    "scale": 0.7,
    "species": "chat-sauvage",
  },
  "cheval": {
    "def": "Cheval",
    "plan": "quadruped",
    "scale": 0.9,
    "species": "cheval",
  },
  "chien": {
    "def": "Chien",
    "plan": "quadruped",
    "scale": 0.8,
    "species": "chien",
  },
  "chimere": {
    "def": "Chimère",
    "plan": "winged",
    "scale": 1.25,
    "species": "chimere",
  },
  "choses-du-bois-mort": {
    "def": "Choses du Bois Mort",
    "plan": "biped",
    "scale": 1,
    "species": "choses-du-bois-mort",
  },
  "cockatrice": {
    "def": "Cockatrice",
    "plan": "theropode",
    "scale": 1.05,
    "species": "cockatrice",
  },
  "cornu": {
    "def": "Cornu",
    "plan": "theropode",
    "scale": 1.12,
    "species": "cornu",
  },
  "coureur-d-egout": {
    "def": "Coureur d'égout",
    "plan": "biped",
    "scale": 1,
    "species": "coureur-d-egout",
  },
  "crapaud": {
    "def": "Crapaud",
    "plan": "quadruped",
    "scale": 0.98,
    "species": "crapaud",
  },
  "demon": {
    "def": "Démon",
    "plan": "biped",
    "scale": 1,
    "species": "demon",
  },
  "demonette": {
    "def": "Démonette",
    "plan": "biped",
    "scale": 1,
    "species": "demonette",
  },
  "dragon": {
    "def": "Dragon",
    "plan": "winged",
    "scale": 1.25,
    "species": "dragon",
  },
  "elfe-sylvain": {
    "def": "Elfe sylvain",
    "plan": "biped",
    "scale": 1,
    "species": "elfe-sylvain",
  },
  "esclave-skaven": {
    "def": "Esclave skaven",
    "plan": "biped",
    "scale": 1,
    "species": "esclave-skaven",
  },
  "fantome": {
    "def": "Fantôme",
    "plan": "spectral",
    "scale": 0.95,
    "species": "fantome",
  },
  "faucon-des-montagnes-grises": {
    "def": "Faucon des Montagnes Grises",
    "plan": "avian",
    "scale": 0.78,
    "species": "faucon-des-montagnes-grises",
  },
  "fimir": {
    "def": "Fimir",
    "plan": "biped",
    "scale": 1,
    "species": "fimir",
  },
  "fr-hough-mournbreath": {
    "def": "Fr'hough Mournbreath",
    "plan": "biped",
    "scale": 1.35,
    "species": "fr-hough-mournbreath",
  },
  "furie-du-chaos": {
    "def": "Furie du Chaos",
    "plan": "biped",
    "scale": 1,
    "species": "furie-du-chaos",
  },
  "geant": {
    "def": "Géant",
    "plan": "biped",
    "scale": 1.2,
    "species": "geant",
  },
  "gnome": {
    "def": "Gnome",
    "plan": "biped",
    "scale": 1,
    "species": "gnome",
  },
  "gobelin": {
    "def": "Gobelin",
    "plan": "biped",
    "scale": 1,
    "species": "gobelin",
  },
  "gor": {
    "def": "Gor",
    "plan": "biped",
    "scale": 1,
    "species": "gor",
  },
  "goule": {
    "def": "Goule",
    "plan": "biped",
    "scale": 1,
    "species": "goule",
  },
  "grand-aigle": {
    "def": "Grand Aigle",
    "plan": "avian",
    "scale": 1.05,
    "species": "grand-aigle",
  },
  "grand-cerf": {
    "def": "Grand Cerf",
    "plan": "quadruped",
    "scale": 1.12,
    "species": "grand-cerf",
  },
  "griffon": {
    "def": "Griffon",
    "plan": "winged",
    "scale": 1.15,
    "species": "griffon",
  },
  "guerrier-du-chaos": {
    "def": "Guerrier du Chaos",
    "plan": "biped",
    "scale": 1,
    "species": "guerrier-du-chaos",
  },
  "halfling": {
    "def": "Halfling",
    "plan": "biped",
    "scale": 1,
    "species": "halfling",
  },
  "happeur-carnivore": {
    "def": "Happeur carnivore",
    "plan": "avian",
    "scale": 1.15,
    "species": "happeur-carnivore",
  },
  "haut-elfe": {
    "def": "Haut-Elfe",
    "plan": "biped",
    "scale": 1,
    "species": "haut-elfe",
  },
  "heomreth-hibou-geant": {
    "def": "Heomreth (Hibou Géant)",
    "plan": "avian",
    "scale": 1,
    "species": "heomreth-hibou-geant",
  },
  "hippogriffe": {
    "def": "Hippogriffe",
    "plan": "winged",
    "scale": 1,
    "species": "hippogriffe",
  },
  "homme-bete": {
    "def": "Homme-bête",
    "plan": "biped",
    "scale": 1,
    "species": "homme-bete",
  },
  "homme-bete-a-tete-de-poulet": {
    "def": "Homme-bête à tête de poulet",
    "plan": "biped",
    "scale": 1,
    "species": "homme-bete-a-tete-de-poulet",
  },
  "homme-bete-a-tete-de-vache": {
    "def": "Homme-bête à tête de vache",
    "plan": "biped",
    "scale": 1,
    "species": "homme-bete-a-tete-de-vache",
  },
  "homme-bete-de-khorne": {
    "def": "Homme-bête de Khorne",
    "plan": "biped",
    "scale": 1,
    "species": "homme-bete-de-khorne",
  },
  "horreur-bleue": {
    "def": "Horreur bleue",
    "plan": "biped",
    "scale": 0.8,
    "species": "horreur-bleue",
  },
  "horreur-rose": {
    "def": "Horreur rose",
    "plan": "biped",
    "scale": 1.15,
    "species": "horreur-rose",
  },
  "hydre": {
    "def": "Hydre",
    "plan": "quadruped",
    "scale": 1.2,
    "species": "hydre",
  },
  "il-potente-granchio": {
    "def": "Il Potente Granchio",
    "plan": "crustace",
    "scale": 1.1,
    "species": "il-potente-granchio",
  },
  "jabberslythe": {
    "def": "Jabberslythe",
    "plan": "jabberslythe",
    "scale": 1.15,
    "species": "jabberslythe",
  },
  "jumeaux": {
    "def": "Jumeaux",
    "plan": "biped",
    "scale": 0.62,
    "species": "jumeaux",
  },
  "le-dechiqueteur-de-cadavres": {
    "def": "Le Déchiqueteur de Cadavres",
    "plan": "quadruped",
    "scale": 1.15,
    "species": "le-dechiqueteur-de-cadavres",
  },
  "leviathan": {
    "def": "Léviathan",
    "plan": "crustace",
    "scale": 1.15,
    "species": "leviathan",
  },
  "liche": {
    "def": "Liche",
    "plan": "biped",
    "scale": 1,
    "species": "liche",
  },
  "lion-de-guerre-de-chrace": {
    "def": "Lion de Guerre de Chrace",
    "plan": "quadruped",
    "scale": 1.12,
    "species": "lion-de-guerre-de-chrace",
  },
  "loup": {
    "def": "Loup",
    "plan": "quadruped",
    "scale": 0.82,
    "species": "loup",
  },
  "lutin": {
    "def": "Lutin",
    "plan": "biped",
    "scale": 0.5,
    "species": "lutin",
  },
  "macareux-a-bec-tranchant": {
    "def": "Macareux à Bec Tranchant",
    "plan": "avian",
    "scale": 0.6,
    "species": "macareux-a-bec-tranchant",
  },
  "manticore": {
    "def": "Manticore",
    "plan": "winged",
    "scale": 1.15,
    "species": "manticore",
  },
  "minotaure": {
    "def": "Minotaure",
    "plan": "biped",
    "scale": 1,
    "species": "minotaure",
  },
  "nain": {
    "def": "Nain",
    "plan": "biped",
    "scale": 1,
    "species": "nain",
  },
  "ogre": {
    "def": "Ogre",
    "plan": "biped",
    "scale": 1,
    "species": "ogre",
  },
  "orc": {
    "def": "Orc",
    "plan": "biped",
    "scale": 1,
    "species": "orc",
  },
  "ours": {
    "def": "Ours",
    "plan": "quadruped",
    "scale": 1.05,
    "species": "ours",
  },
  "peau-de-loup": {
    "def": "Peau-de-Loup",
    "plan": "biped",
    "scale": 1,
    "species": "peau-de-loup",
  },
  "pegase": {
    "def": "Pégase",
    "plan": "winged",
    "scale": 0.95,
    "species": "pegase",
  },
  "pieuvre": {
    "def": "Pieuvre",
    "plan": "cephalopod",
    "scale": 1.05,
    "species": "pieuvre",
  },
  "pigeon": {
    "def": "Pigeon",
    "plan": "avian",
    "scale": 0.62,
    "species": "pigeon",
  },
  "poulet": {
    "def": "Poulet",
    "plan": "avian",
    "scale": 0.7,
    "species": "poulet",
  },
  "predateur-sanglant": {
    "def": "Prédateur sanglant",
    "plan": "biped",
    "scale": 1.08,
    "species": "predateur-sanglant",
  },
  "preyton": {
    "def": "Preyton",
    "plan": "winged",
    "scale": 1.1,
    "species": "preyton",
  },
  "prophete-gris": {
    "def": "Prophète gris",
    "plan": "biped",
    "scale": 1,
    "species": "prophete-gris",
  },
  "rassarak": {
    "def": "Rassarak",
    "plan": "biped",
    "scale": 1,
    "species": "rassarak",
  },
  "rat-geant": {
    "def": "Rat géant",
    "plan": "quadruped",
    "scale": 0.62,
    "species": "rat-geant",
  },
  "rat-loup": {
    "def": "Rat Loup",
    "plan": "quadruped",
    "scale": 0.85,
    "species": "rat-loup",
  },
  "rat-ogre": {
    "def": "Rat ogre",
    "plan": "biped",
    "scale": 1,
    "species": "rat-ogre",
  },
  "sanglier": {
    "def": "Sanglier",
    "plan": "quadruped",
    "scale": 0.84,
    "species": "sanglier",
  },
  "sangsue": {
    "def": "Sangsue",
    "plan": "serpentine",
    "scale": 0.92,
    "species": "sangsue",
  },
  "serpent": {
    "def": "Serpent",
    "plan": "serpentine",
    "scale": 1,
    "species": "serpent",
  },
  "singe": {
    "def": "Singe",
    "plan": "biped",
    "scale": 0.7,
    "species": "singe",
  },
  "sirene": {
    "def": "Sirène",
    "plan": "biped",
    "scale": 1,
    "species": "sirene",
  },
  "skaven": {
    "def": "Skaven",
    "plan": "biped",
    "scale": 1,
    "species": "skaven",
  },
  "slenderthigh-whiptongue": {
    "def": "Slenderthigh Whiptongue",
    "plan": "biped",
    "scale": 1.15,
    "species": "slenderthigh-whiptongue",
  },
  "snotling": {
    "def": "Snotling",
    "plan": "biped",
    "scale": 1,
    "species": "snotling",
  },
  "spectre": {
    "def": "Spectre",
    "plan": "spectral",
    "scale": 0.98,
    "species": "spectre",
  },
  "squelette": {
    "def": "Squelette",
    "plan": "biped",
    "scale": 1,
    "species": "squelette",
  },
  "squig": {
    "def": "Squig",
    "plan": "squig",
    "scale": 0.85,
    "species": "squig",
  },
  "stegadon": {
    "def": "Stégadon",
    "plan": "quadruped",
    "scale": 1.3,
    "species": "stegadon",
  },
  "tregara": {
    "def": "Trégara",
    "plan": "crustace",
    "scale": 0.95,
    "species": "tregara",
  },
  "troll": {
    "def": "Troll",
    "plan": "biped",
    "scale": 1,
    "species": "troll",
  },
  "ungor": {
    "def": "Ungor",
    "plan": "biped",
    "scale": 1,
    "species": "ungor",
  },
  "urzo": {
    "def": "Urzo",
    "plan": "biped",
    "scale": 1.25,
    "species": "urzo",
  },
  "vampire": {
    "def": "Vampire",
    "plan": "biped",
    "scale": 1,
    "species": "vampire",
  },
  "varghulf": {
    "def": "Varghulf",
    "plan": "winged",
    "scale": 1.12,
    "species": "varghulf",
  },
  "vermine-de-choc": {
    "def": "Vermine de choc",
    "plan": "biped",
    "scale": 1.1,
    "species": "vermine-de-choc",
  },
  "vers": {
    "def": "Vers",
    "plan": "serpentine",
    "scale": 0.7,
    "species": "vers",
  },
  "zombie": {
    "def": "Zombie",
    "plan": "biped",
    "scale": 1,
    "species": "zombie",
  },
}
`;
