// Vitest Snapshot v1, https://vitest.dev/guide/snapshot.html

exports[`Golden master — combat (iso-comportement du registre de qualités) > distance : portée × qualités × seeds — snapshot stable 1`] = `
[
  "|1=true|63||1|brasD|10|7|false|attacker",
  "|2=true|74||0|corps|9|4|false|attacker",
  "|3=true|73||0|brasD|9|6|false|attacker",
  "|4=false|93||-2||||false|",
  "|5=true|69||1|jambeD|10|7|false|attacker",
  "|6=true|53||2|brasD|11|8|false|attacker",
  "|7=true|2||7|brasG|16|13|false|attacker",
  "|8=true|16||6|corps|15|10|false|attacker",
  "|9=true|20||5|tete|14|11|false|attacker",
  "|10=true|51||2|brasG|11|8|false|attacker",
  "|11=true|52||2|brasD|11|8|false|attacker",
  "|12=true|29||5|jambeD|14|11|false|attacker",
  "|13=true|57||2|corps|11|6|false|attacker",
  "|14=true|45||3|corps|12|7|false|attacker",
  "|15=true|24||5|brasD|14|11|false|attacker",
  "|16=true|64||1|corps|10|5|false|attacker",
  "|17=true|68||1|jambeG|10|7|false|attacker",
  "|18=true|40||3|tete|12|9|false|attacker",
  "|19=true|6||7|corps|16|11|false|attacker",
  "|20=false|76||0||||false|",
  "|21=true|44||3|brasD|12|9|true|attacker",
  "|22=true|63||1|brasD|10|7|false|attacker",
  "|23=true|10||6|tete|15|12|false|attacker",
  "|24=true|34||4|brasD|13|10|false|attacker",
  "|25=true|60||1|tete|10|7|false|attacker",
  "Perforante|1=true|63||1|brasD|10|7|false|attacker",
  "Perforante|2=true|74||0|corps|9|5|false|attacker",
  "Perforante|3=true|73||0|brasD|9|6|false|attacker",
  "Perforante|4=false|93||-2||||false|",
  "Perforante|5=true|69||1|jambeD|10|7|false|attacker",
  "Perforante|6=true|53||2|brasD|11|8|false|attacker",
  "Perforante|7=true|2||7|brasG|16|13|false|attacker",
  "Perforante|8=true|16||6|corps|15|11|false|attacker",
  "Perforante|9=true|20||5|tete|14|11|false|attacker",
  "Perforante|10=true|51||2|brasG|11|8|false|attacker",
  "Perforante|11=true|52||2|brasD|11|8|false|attacker",
  "Perforante|12=true|29||5|jambeD|14|11|false|attacker",
  "Perforante|13=true|57||2|corps|11|7|false|attacker",
  "Perforante|14=true|45||3|corps|12|8|false|attacker",
  "Perforante|15=true|24||5|brasD|14|11|false|attacker",
  "Perforante|16=true|64||1|corps|10|6|false|attacker",
  "Perforante|17=true|68||1|jambeG|10|7|false|attacker",
  "Perforante|18=true|40||3|tete|12|9|false|attacker",
  "Perforante|19=true|6||7|corps|16|12|false|attacker",
  "Perforante|20=false|76||0||||false|",
  "Perforante|21=true|44||3|brasD|12|9|true|attacker",
  "Perforante|22=true|63||1|brasD|10|7|false|attacker",
  "Perforante|23=true|10||6|tete|15|12|false|attacker",
  "Perforante|24=true|34||4|brasD|13|10|false|attacker",
  "Perforante|25=true|60||1|tete|10|7|false|attacker",
  "Pointue|1=true|63||1|brasD|11|8|false|attacker",
  "Pointue|2=true|74||0|corps|10|5|false|attacker",
  "Pointue|3=true|73||0|brasD|10|7|false|attacker",
  "Pointue|4=false|93||-2||||false|",
  "Pointue|5=true|69||1|jambeD|11|8|false|attacker",
  "Pointue|6=true|53||2|brasD|12|9|false|attacker",
  "Pointue|7=true|2||7|brasG|17|14|false|attacker",
  "Pointue|8=true|16||6|corps|16|11|false|attacker",
  "Pointue|9=true|20||5|tete|15|12|false|attacker",
  "Pointue|10=true|51||2|brasG|12|9|false|attacker",
  "Pointue|11=true|52||2|brasD|12|9|false|attacker",
  "Pointue|12=true|29||5|jambeD|15|12|false|attacker",
  "Pointue|13=true|57||2|corps|12|7|false|attacker",
  "Pointue|14=true|45||3|corps|13|8|false|attacker",
  "Pointue|15=true|24||5|brasD|15|12|false|attacker",
  "Pointue|16=true|64||1|corps|11|6|false|attacker",
  "Pointue|17=true|68||1|jambeG|11|8|false|attacker",
  "Pointue|18=true|40||3|tete|13|10|false|attacker",
  "Pointue|19=true|6||7|corps|17|12|false|attacker",
  "Pointue|20=false|76||0||||false|",
  "Pointue|21=true|44||3|brasD|13|10|true|attacker",
  "Pointue|22=true|63||1|brasD|11|8|false|attacker",
  "Pointue|23=true|10||6|tete|16|13|false|attacker",
  "Pointue|24=true|34||4|brasD|14|11|false|attacker",
  "Pointue|25=true|60||1|tete|11|8|false|attacker",
  "Empaleuse|1=true|63||1|brasD|10|7|false|attacker",
  "Empaleuse|2=true|74||0|corps|9|4|false|attacker",
  "Empaleuse|3=true|73||0|brasD|9|6|false|attacker",
  "Empaleuse|4=false|93||-2||||false|",
  "Empaleuse|5=true|69||1|jambeD|10|7|false|attacker",
  "Empaleuse|6=true|53||2|brasD|11|8|false|attacker",
  "Empaleuse|7=true|2||7|brasG|16|13|false|attacker",
  "Empaleuse|8=true|16||6|corps|15|10|false|attacker",
  "Empaleuse|9=true|20||5|tete|14|11|true|attacker",
  "Empaleuse|10=true|51||2|brasG|11|8|false|attacker",
  "Empaleuse|11=true|52||2|brasD|11|8|false|attacker",
  "Empaleuse|12=true|29||5|jambeD|14|11|false|attacker",
  "Empaleuse|13=true|57||2|corps|11|6|false|attacker",
  "Empaleuse|14=true|45||3|corps|12|7|false|attacker",
  "Empaleuse|15=true|24||5|brasD|14|11|false|attacker",
  "Empaleuse|16=true|64||1|corps|10|5|false|attacker",
  "Empaleuse|17=true|68||1|jambeG|10|7|false|attacker",
  "Empaleuse|18=true|40||3|tete|12|9|true|attacker",
  "Empaleuse|19=true|6||7|corps|16|11|false|attacker",
  "Empaleuse|20=false|76||0||||false|",
  "Empaleuse|21=true|44||3|brasD|12|9|true|attacker",
  "Empaleuse|22=true|63||1|brasD|10|7|false|attacker",
  "Empaleuse|23=true|10||6|tete|15|12|true|attacker",
  "Empaleuse|24=true|34||4|brasD|13|10|false|attacker",
  "Empaleuse|25=true|60||1|tete|10|7|true|attacker",
]
`;

exports[`Golden master — combat (iso-comportement du registre de qualités) > mêlée : Parade/Esquive/Subir × qualités × seeds — snapshot stable 1`] = `
[
  "|parade|1=false|63|1|6||||false|defender",
  "|parade|2=false|74|33|4||||false|defender",
  "|parade|3=false|73|4|7||||false|defender",
  "|parade|4=false|93|34|6||||false|defender",
  "|parade|5=true|69|78|1|jambeD|9|6|false|attacker",
  "|parade|6=false|53|1|5||||false|defender",
  "|parade|7=true|2|7|0|brasG|8|5|false|attacker",
  "|parade|8=true|16|63|5|corps|13|8|false|attacker",
  "|parade|9=true|20|86|6|tete|14|11|false|attacker",
  "|parade|10=true|51|92|4|brasG|12|9|false|attacker",
  "|parade|11=true|52|53|0|brasD|8|5|false|attacker",
  "|parade|12=false|29|8|2||||false|defender",
  "|parade|13=false|57|37|2||||false|defender",
  "|parade|14=true|45|43|0|corps|8|3|false|attacker",
  "|parade|15=true|24|41|2|brasD|10|7|false|attacker",
  "|parade|16=false|64|15|5||||false|defender",
  "|parade|17=false|68|20|4||||false|defender",
  "|parade|18=true|40|61|2|tete|10|7|false|attacker",
  "|parade|19=true|6|33|3|corps|11|6|false|attacker",
  "|parade|20=false|76|39|4||||false|defender",
  "|parade|21=true|44|45|0|brasD|8|5|true|attacker",
  "|parade|22=false|63|24|4||||false|defender",
  "|parade|23=false|10|7|1||||false|defender",
  "|parade|24=true|34|97|6|brasD|14|11|false|attacker",
  "|parade|25=true|60|83|2|tete|10|7|false|attacker",
  "|esquive|1=false|63|1|4||||false|defender",
  "|esquive|2=false|74|33|2||||false|defender",
  "|esquive|3=false|73|4|5||||false|defender",
  "|esquive|4=false|93|34|4||||false|defender",
  "|esquive|5=true|69|78|3|jambeD|11|8|false|attacker",
  "|esquive|6=false|53|1|3||||false|defender",
  "|esquive|7=true|2|7|2|brasG|10|7|false|attacker",
  "|esquive|8=true|16|63|7|corps|15|10|false|attacker",
  "|esquive|9=true|20|86|8|tete|16|13|false|attacker",
  "|esquive|10=true|51|92|6|brasG|14|11|false|attacker",
  "|esquive|11=true|52|53|2|brasD|10|7|false|attacker",
  "|esquive|12=true|29|8|0|jambeD|8|5|false|attacker",
  "|esquive|13=true|57|37|0|corps|8|3|false|attacker",
  "|esquive|14=true|45|43|2|corps|10|5|false|attacker",
  "|esquive|15=true|24|41|4|brasD|12|9|false|attacker",
  "|esquive|16=false|64|15|3||||false|defender",
  "|esquive|17=false|68|20|2||||false|defender",
  "|esquive|18=true|40|61|4|tete|12|9|false|attacker",
  "|esquive|19=true|6|33|5|corps|13|8|false|attacker",
  "|esquive|20=false|76|39|2||||false|defender",
  "|esquive|21=true|44|45|2|brasD|10|7|true|attacker",
  "|esquive|22=false|63|24|2||||false|defender",
  "|esquive|23=true|10|7|1|tete|9|6|false|attacker",
  "|esquive|24=true|34|97|8|brasD|16|13|false|attacker",
  "|esquive|25=true|60|83|4|tete|12|9|false|attacker",
  "|none|1=false|63||0||||false|defender",
  "|none|2=false|74||0||||false|defender",
  "|none|3=false|73||0||||false|defender",
  "|none|4=false|93||0||||false|defender",
  "|none|5=false|69||0||||false|defender",
  "|none|6=true|53||0|brasD|8|5|false|attacker",
  "|none|7=true|2||5|brasG|13|10|false|attacker",
  "|none|8=true|16||4|corps|12|7|false|attacker",
  "|none|9=true|20||3|tete|11|8|false|attacker",
  "|none|10=true|51||0|brasG|8|5|false|attacker",
  "|none|11=true|52||0|brasD|8|5|false|attacker",
  "|none|12=true|29||3|jambeD|11|8|false|attacker",
  "|none|13=false|57||0||||false|defender",
  "|none|14=true|45||1|corps|9|4|false|attacker",
  "|none|15=true|24||3|brasD|11|8|false|attacker",
  "|none|16=false|64||0||||false|defender",
  "|none|17=false|68||0||||false|defender",
  "|none|18=true|40||1|tete|9|6|false|attacker",
  "|none|19=true|6||5|corps|13|8|false|attacker",
  "|none|20=false|76||0||||false|defender",
  "|none|21=true|44||1|brasD|9|6|true|attacker",
  "|none|22=false|63||0||||false|defender",
  "|none|23=true|10||4|tete|12|9|false|attacker",
  "|none|24=true|34||2|brasD|10|7|false|attacker",
  "|none|25=false|60||0||||false|defender",
  "Précise|parade|1=false|63|1|5||||false|defender",
  "Précise|parade|2=false|74|33|3||||false|defender",
  "Précise|parade|3=false|73|4|6||||false|defender",
  "Précise|parade|4=false|93|34|5||||false|defender",
  "Précise|parade|5=true|69|78|2|jambeD|10|7|false|attacker",
  "Précise|parade|6=false|53|1|4||||false|defender",
  "Précise|parade|7=true|2|7|1|brasG|9|6|false|attacker",
  "Précise|parade|8=true|16|63|6|corps|14|9|false|attacker",
  "Précise|parade|9=true|20|86|7|tete|15|12|false|attacker",
  "Précise|parade|10=true|51|92|5|brasG|13|10|false|attacker",
  "Précise|parade|11=true|52|53|1|brasD|9|6|false|attacker",
  "Précise|parade|12=false|29|8|1||||false|defender",
  "Précise|parade|13=false|57|37|1||||false|defender",
  "Précise|parade|14=true|45|43|1|corps|9|4|false|attacker",
  "Précise|parade|15=true|24|41|3|brasD|11|8|false|attacker",
  "Précise|parade|16=false|64|15|4||||false|defender",
  "Précise|parade|17=false|68|20|3||||false|defender",
  "Précise|parade|18=true|40|61|3|tete|11|8|false|attacker",
  "Précise|parade|19=true|6|33|4|corps|12|7|false|attacker",
  "Précise|parade|20=false|76|39|3||||false|defender",
  "Précise|parade|21=true|44|45|1|brasD|9|6|true|attacker",
  "Précise|parade|22=false|63|24|3||||false|defender",
  "Précise|parade|23=true|10|7|0|tete|8|5|false|attacker",
  "Précise|parade|24=true|34|97|7|brasD|15|12|false|attacker",
  "Précise|parade|25=true|60|83|3|tete|11|8|false|attacker",
  "Précise|esquive|1=false|63|1|3||||false|defender",
  "Précise|esquive|2=false|74|33|1||||false|defender",
  "Précise|esquive|3=false|73|4|4||||false|defender",
  "Précise|esquive|4=false|93|34|3||||false|defender",
  "Précise|esquive|5=true|69|78|4|jambeD|12|9|false|attacker",
  "Précise|esquive|6=false|53|1|2||||false|defender",
  "Précise|esquive|7=true|2|7|3|brasG|11|8|false|attacker",
  "Précise|esquive|8=true|16|63|8|corps|16|11|false|attacker",
  "Précise|esquive|9=true|20|86|9|tete|17|14|false|attacker",
  "Précise|esquive|10=true|51|92|7|brasG|15|12|false|attacker",
  "Précise|esquive|11=true|52|53|3|brasD|11|8|false|attacker",
  "Précise|esquive|12=true|29|8|1|jambeD|9|6|false|attacker",
  "Précise|esquive|13=true|57|37|1|corps|9|4|false|attacker",
  "Précise|esquive|14=true|45|43|3|corps|11|6|false|attacker",
  "Précise|esquive|15=true|24|41|5|brasD|13|10|false|attacker",
  "Précise|esquive|16=false|64|15|2||||false|defender",
  "Précise|esquive|17=false|68|20|1||||false|defender",
  "Précise|esquive|18=true|40|61|5|tete|13|10|false|attacker",
  "Précise|esquive|19=true|6|33|6|corps|14|9|false|attacker",
  "Précise|esquive|20=false|76|39|1||||false|defender",
  "Précise|esquive|21=true|44|45|3|brasD|11|8|true|attacker",
  "Précise|esquive|22=false|63|24|1||||false|defender",
  "Précise|esquive|23=true|10|7|2|tete|10|7|false|attacker",
  "Précise|esquive|24=true|34|97|9|brasD|17|14|false|attacker",
  "Précise|esquive|25=true|60|83|5|tete|13|10|false|attacker",
  "Précise|none|1=true|63||0|brasD|8|5|false|attacker",
  "Précise|none|2=false|74||0||||false|defender",
  "Précise|none|3=false|73||0||||false|defender",
  "Précise|none|4=false|93||0||||false|defender",
  "Précise|none|5=false|69||0||||false|defender",
  "Précise|none|6=true|53||1|brasD|9|6|false|attacker",
  "Précise|none|7=true|2||6|brasG|14|11|false|attacker",
  "Précise|none|8=true|16||5|corps|13|8|false|attacker",
  "Précise|none|9=true|20||4|tete|12|9|false|attacker",
  "Précise|none|10=true|51||1|brasG|9|6|false|attacker",
  "Précise|none|11=true|52||1|brasD|9|6|false|attacker",
  "Précise|none|12=true|29||4|jambeD|12|9|false|attacker",
  "Précise|none|13=true|57||1|corps|9|4|false|attacker",
  "Précise|none|14=true|45||2|corps|10|5|false|attacker",
  "Précise|none|15=true|24||4|brasD|12|9|false|attacker",
  "Précise|none|16=true|64||0|corps|8|3|false|attacker",
  "Précise|none|17=false|68||0||||false|defender",
  "Précise|none|18=true|40||2|tete|10|7|false|attacker",
  "Précise|none|19=true|6||6|corps|14|9|false|attacker",
  "Précise|none|20=false|76||0||||false|defender",
  "Précise|none|21=true|44||2|brasD|10|7|true|attacker",
  "Précise|none|22=true|63||0|brasD|8|5|false|attacker",
  "Précise|none|23=true|10||5|tete|13|10|false|attacker",
  "Précise|none|24=true|34||3|brasD|11|8|false|attacker",
  "Précise|none|25=true|60||0|tete|8|5|false|attacker",
  "Perforante|parade|1=false|63|1|6||||false|defender",
  "Perforante|parade|2=false|74|33|4||||false|defender",
  "Perforante|parade|3=false|73|4|7||||false|defender",
  "Perforante|parade|4=false|93|34|6||||false|defender",
  "Perforante|parade|5=true|69|78|1|jambeD|9|6|false|attacker",
  "Perforante|parade|6=false|53|1|5||||false|defender",
  "Perforante|parade|7=true|2|7|0|brasG|8|5|false|attacker",
  "Perforante|parade|8=true|16|63|5|corps|13|9|false|attacker",
  "Perforante|parade|9=true|20|86|6|tete|14|11|false|attacker",
  "Perforante|parade|10=true|51|92|4|brasG|12|9|false|attacker",
  "Perforante|parade|11=true|52|53|0|brasD|8|5|false|attacker",
  "Perforante|parade|12=false|29|8|2||||false|defender",
  "Perforante|parade|13=false|57|37|2||||false|defender",
  "Perforante|parade|14=true|45|43|0|corps|8|4|false|attacker",
  "Perforante|parade|15=true|24|41|2|brasD|10|7|false|attacker",
  "Perforante|parade|16=false|64|15|5||||false|defender",
  "Perforante|parade|17=false|68|20|4||||false|defender",
  "Perforante|parade|18=true|40|61|2|tete|10|7|false|attacker",
  "Perforante|parade|19=true|6|33|3|corps|11|7|false|attacker",
  "Perforante|parade|20=false|76|39|4||||false|defender",
  "Perforante|parade|21=true|44|45|0|brasD|8|5|true|attacker",
  "Perforante|parade|22=false|63|24|4||||false|defender",
  "Perforante|parade|23=false|10|7|1||||false|defender",
  "Perforante|parade|24=true|34|97|6|brasD|14|11|false|attacker",
  "Perforante|parade|25=true|60|83|2|tete|10|7|false|attacker",
  "Perforante|esquive|1=false|63|1|4||||false|defender",
  "Perforante|esquive|2=false|74|33|2||||false|defender",
  "Perforante|esquive|3=false|73|4|5||||false|defender",
  "Perforante|esquive|4=false|93|34|4||||false|defender",
  "Perforante|esquive|5=true|69|78|3|jambeD|11|8|false|attacker",
  "Perforante|esquive|6=false|53|1|3||||false|defender",
  "Perforante|esquive|7=true|2|7|2|brasG|10|7|false|attacker",
  "Perforante|esquive|8=true|16|63|7|corps|15|11|false|attacker",
  "Perforante|esquive|9=true|20|86|8|tete|16|13|false|attacker",
  "Perforante|esquive|10=true|51|92|6|brasG|14|11|false|attacker",
  "Perforante|esquive|11=true|52|53|2|brasD|10|7|false|attacker",
  "Perforante|esquive|12=true|29|8|0|jambeD|8|5|false|attacker",
  "Perforante|esquive|13=true|57|37|0|corps|8|4|false|attacker",
  "Perforante|esquive|14=true|45|43|2|corps|10|6|false|attacker",
  "Perforante|esquive|15=true|24|41|4|brasD|12|9|false|attacker",
  "Perforante|esquive|16=false|64|15|3||||false|defender",
  "Perforante|esquive|17=false|68|20|2||||false|defender",
  "Perforante|esquive|18=true|40|61|4|tete|12|9|false|attacker",
  "Perforante|esquive|19=true|6|33|5|corps|13|9|false|attacker",
  "Perforante|esquive|20=false|76|39|2||||false|defender",
  "Perforante|esquive|21=true|44|45|2|brasD|10|7|true|attacker",
  "Perforante|esquive|22=false|63|24|2||||false|defender",
  "Perforante|esquive|23=true|10|7|1|tete|9|6|false|attacker",
  "Perforante|esquive|24=true|34|97|8|brasD|16|13|false|attacker",
  "Perforante|esquive|25=true|60|83|4|tete|12|9|false|attacker",
  "Perforante|none|1=false|63||0||||false|defender",
  "Perforante|none|2=false|74||0||||false|defender",
  "Perforante|none|3=false|73||0||||false|defender",
  "Perforante|none|4=false|93||0||||false|defender",
  "Perforante|none|5=false|69||0||||false|defender",
  "Perforante|none|6=true|53||0|brasD|8|5|false|attacker",
  "Perforante|none|7=true|2||5|brasG|13|10|false|attacker",
  "Perforante|none|8=true|16||4|corps|12|8|false|attacker",
  "Perforante|none|9=true|20||3|tete|11|8|false|attacker",
  "Perforante|none|10=true|51||0|brasG|8|5|false|attacker",
  "Perforante|none|11=true|52||0|brasD|8|5|false|attacker",
  "Perforante|none|12=true|29||3|jambeD|11|8|false|attacker",
  "Perforante|none|13=false|57||0||||false|defender",
  "Perforante|none|14=true|45||1|corps|9|5|false|attacker",
  "Perforante|none|15=true|24||3|brasD|11|8|false|attacker",
  "Perforante|none|16=false|64||0||||false|defender",
  "Perforante|none|17=false|68||0||||false|defender",
  "Perforante|none|18=true|40||1|tete|9|6|false|attacker",
  "Perforante|none|19=true|6||5|corps|13|9|false|attacker",
  "Perforante|none|20=false|76||0||||false|defender",
  "Perforante|none|21=true|44||1|brasD|9|6|true|attacker",
  "Perforante|none|22=false|63||0||||false|defender",
  "Perforante|none|23=true|10||4|tete|12|9|false|attacker",
  "Perforante|none|24=true|34||2|brasD|10|7|false|attacker",
  "Perforante|none|25=false|60||0||||false|defender",
  "Pointue|parade|1=false|63|1|6||||false|defender",
  "Pointue|parade|2=false|74|33|4||||false|defender",
  "Pointue|parade|3=false|73|4|7||||false|defender",
  "Pointue|parade|4=false|93|34|6||||false|defender",
  "Pointue|parade|5=true|69|78|1|jambeD|10|7|false|attacker",
  "Pointue|parade|6=false|53|1|5||||false|defender",
  "Pointue|parade|7=true|2|7|0|brasG|9|6|false|attacker",
  "Pointue|parade|8=true|16|63|5|corps|14|9|false|attacker",
  "Pointue|parade|9=true|20|86|6|tete|15|12|false|attacker",
  "Pointue|parade|10=true|51|92|4|brasG|13|10|false|attacker",
  "Pointue|parade|11=true|52|53|0|brasD|9|6|false|attacker",
  "Pointue|parade|12=false|29|8|2||||false|defender",
  "Pointue|parade|13=false|57|37|2||||false|defender",
  "Pointue|parade|14=true|45|43|0|corps|9|4|false|attacker",
  "Pointue|parade|15=true|24|41|2|brasD|11|8|false|attacker",
  "Pointue|parade|16=false|64|15|5||||false|defender",
  "Pointue|parade|17=false|68|20|4||||false|defender",
  "Pointue|parade|18=true|40|61|2|tete|11|8|false|attacker",
  "Pointue|parade|19=true|6|33|3|corps|12|7|false|attacker",
  "Pointue|parade|20=false|76|39|4||||false|defender",
  "Pointue|parade|21=true|44|45|0|brasD|9|6|true|attacker",
  "Pointue|parade|22=false|63|24|4||||false|defender",
  "Pointue|parade|23=false|10|7|1||||false|defender",
  "Pointue|parade|24=true|34|97|6|brasD|15|12|false|attacker",
  "Pointue|parade|25=true|60|83|2|tete|11|8|false|attacker",
  "Pointue|esquive|1=false|63|1|4||||false|defender",
  "Pointue|esquive|2=false|74|33|2||||false|defender",
  "Pointue|esquive|3=false|73|4|5||||false|defender",
  "Pointue|esquive|4=false|93|34|4||||false|defender",
  "Pointue|esquive|5=true|69|78|3|jambeD|12|9|false|attacker",
  "Pointue|esquive|6=false|53|1|3||||false|defender",
  "Pointue|esquive|7=true|2|7|2|brasG|11|8|false|attacker",
  "Pointue|esquive|8=true|16|63|7|corps|16|11|false|attacker",
  "Pointue|esquive|9=true|20|86|8|tete|17|14|false|attacker",
  "Pointue|esquive|10=true|51|92|6|brasG|15|12|false|attacker",
  "Pointue|esquive|11=true|52|53|2|brasD|11|8|false|attacker",
  "Pointue|esquive|12=true|29|8|0|jambeD|9|6|false|attacker",
  "Pointue|esquive|13=true|57|37|0|corps|9|4|false|attacker",
  "Pointue|esquive|14=true|45|43|2|corps|11|6|false|attacker",
  "Pointue|esquive|15=true|24|41|4|brasD|13|10|false|attacker",
  "Pointue|esquive|16=false|64|15|3||||false|defender",
  "Pointue|esquive|17=false|68|20|2||||false|defender",
  "Pointue|esquive|18=true|40|61|4|tete|13|10|false|attacker",
  "Pointue|esquive|19=true|6|33|5|corps|14|9|false|attacker",
  "Pointue|esquive|20=false|76|39|2||||false|defender",
  "Pointue|esquive|21=true|44|45|2|brasD|11|8|true|attacker",
  "Pointue|esquive|22=false|63|24|2||||false|defender",
  "Pointue|esquive|23=true|10|7|1|tete|10|7|false|attacker",
  "Pointue|esquive|24=true|34|97|8|brasD|17|14|false|attacker",
  "Pointue|esquive|25=true|60|83|4|tete|13|10|false|attacker",
  "Pointue|none|1=false|63||0||||false|defender",
  "Pointue|none|2=false|74||0||||false|defender",
  "Pointue|none|3=false|73||0||||false|defender",
  "Pointue|none|4=false|93||0||||false|defender",
  "Pointue|none|5=false|69||0||||false|defender",
  "Pointue|none|6=true|53||0|brasD|9|6|false|attacker",
  "Pointue|none|7=true|2||5|brasG|14|11|false|attacker",
  "Pointue|none|8=true|16||4|corps|13|8|false|attacker",
  "Pointue|none|9=true|20||3|tete|12|9|false|attacker",
  "Pointue|none|10=true|51||0|brasG|9|6|false|attacker",
  "Pointue|none|11=true|52||0|brasD|9|6|false|attacker",
  "Pointue|none|12=true|29||3|jambeD|12|9|false|attacker",
  "Pointue|none|13=false|57||0||||false|defender",
  "Pointue|none|14=true|45||1|corps|10|5|false|attacker",
  "Pointue|none|15=true|24||3|brasD|12|9|false|attacker",
  "Pointue|none|16=false|64||0||||false|defender",
  "Pointue|none|17=false|68||0||||false|defender",
  "Pointue|none|18=true|40||1|tete|10|7|false|attacker",
  "Pointue|none|19=true|6||5|corps|14|9|false|attacker",
  "Pointue|none|20=false|76||0||||false|defender",
  "Pointue|none|21=true|44||1|brasD|10|7|true|attacker",
  "Pointue|none|22=false|63||0||||false|defender",
  "Pointue|none|23=true|10||4|tete|13|10|false|attacker",
  "Pointue|none|24=true|34||2|brasD|11|8|false|attacker",
  "Pointue|none|25=false|60||0||||false|defender",
  "Empaleuse|parade|1=false|63|1|6||||false|defender",
  "Empaleuse|parade|2=false|74|33|4||||false|defender",
  "Empaleuse|parade|3=false|73|4|7||||false|defender",
  "Empaleuse|parade|4=false|93|34|6||||false|defender",
  "Empaleuse|parade|5=true|69|78|1|jambeD|9|6|false|attacker",
  "Empaleuse|parade|6=false|53|1|5||||false|defender",
  "Empaleuse|parade|7=true|2|7|0|brasG|8|5|false|attacker",
  "Empaleuse|parade|8=true|16|63|5|corps|13|8|false|attacker",
  "Empaleuse|parade|9=true|20|86|6|tete|14|11|true|attacker",
  "Empaleuse|parade|10=true|51|92|4|brasG|12|9|false|attacker",
  "Empaleuse|parade|11=true|52|53|0|brasD|8|5|false|attacker",
  "Empaleuse|parade|12=false|29|8|2||||false|defender",
  "Empaleuse|parade|13=false|57|37|2||||false|defender",
  "Empaleuse|parade|14=true|45|43|0|corps|8|3|false|attacker",
  "Empaleuse|parade|15=true|24|41|2|brasD|10|7|false|attacker",
  "Empaleuse|parade|16=false|64|15|5||||false|defender",
  "Empaleuse|parade|17=false|68|20|4||||false|defender",
  "Empaleuse|parade|18=true|40|61|2|tete|10|7|true|attacker",
  "Empaleuse|parade|19=true|6|33|3|corps|11|6|false|attacker",
  "Empaleuse|parade|20=false|76|39|4||||false|defender",
  "Empaleuse|parade|21=true|44|45|0|brasD|8|5|true|attacker",
  "Empaleuse|parade|22=false|63|24|4||||false|defender",
  "Empaleuse|parade|23=false|10|7|1||||false|defender",
  "Empaleuse|parade|24=true|34|97|6|brasD|14|11|false|attacker",
  "Empaleuse|parade|25=true|60|83|2|tete|10|7|true|attacker",
  "Empaleuse|esquive|1=false|63|1|4||||false|defender",
  "Empaleuse|esquive|2=false|74|33|2||||false|defender",
  "Empaleuse|esquive|3=false|73|4|5||||false|defender",
  "Empaleuse|esquive|4=false|93|34|4||||false|defender",
  "Empaleuse|esquive|5=true|69|78|3|jambeD|11|8|false|attacker",
  "Empaleuse|esquive|6=false|53|1|3||||false|defender",
  "Empaleuse|esquive|7=true|2|7|2|brasG|10|7|false|attacker",
  "Empaleuse|esquive|8=true|16|63|7|corps|15|10|false|attacker",
  "Empaleuse|esquive|9=true|20|86|8|tete|16|13|true|attacker",
  "Empaleuse|esquive|10=true|51|92|6|brasG|14|11|false|attacker",
  "Empaleuse|esquive|11=true|52|53|2|brasD|10|7|false|attacker",
  "Empaleuse|esquive|12=true|29|8|0|jambeD|8|5|false|attacker",
  "Empaleuse|esquive|13=true|57|37|0|corps|8|3|false|attacker",
  "Empaleuse|esquive|14=true|45|43|2|corps|10|5|false|attacker",
  "Empaleuse|esquive|15=true|24|41|4|brasD|12|9|false|attacker",
  "Empaleuse|esquive|16=false|64|15|3||||false|defender",
  "Empaleuse|esquive|17=false|68|20|2||||false|defender",
  "Empaleuse|esquive|18=true|40|61|4|tete|12|9|true|attacker",
  "Empaleuse|esquive|19=true|6|33|5|corps|13|8|false|attacker",
  "Empaleuse|esquive|20=false|76|39|2||||false|defender",
  "Empaleuse|esquive|21=true|44|45|2|brasD|10|7|true|attacker",
  "Empaleuse|esquive|22=false|63|24|2||||false|defender",
  "Empaleuse|esquive|23=true|10|7|1|tete|9|6|true|attacker",
  "Empaleuse|esquive|24=true|34|97|8|brasD|16|13|false|attacker",
  "Empaleuse|esquive|25=true|60|83|4|tete|12|9|true|attacker",
  "Empaleuse|none|1=false|63||0||||false|defender",
  "Empaleuse|none|2=false|74||0||||false|defender",
  "Empaleuse|none|3=false|73||0||||false|defender",
  "Empaleuse|none|4=false|93||0||||false|defender",
  "Empaleuse|none|5=false|69||0||||false|defender",
  "Empaleuse|none|6=true|53||0|brasD|8|5|false|attacker",
  "Empaleuse|none|7=true|2||5|brasG|13|10|false|attacker",
  "Empaleuse|none|8=true|16||4|corps|12|7|false|attacker",
  "Empaleuse|none|9=true|20||3|tete|11|8|true|attacker",
  "Empaleuse|none|10=true|51||0|brasG|8|5|false|attacker",
  "Empaleuse|none|11=true|52||0|brasD|8|5|false|attacker",
  "Empaleuse|none|12=true|29||3|jambeD|11|8|false|attacker",
  "Empaleuse|none|13=false|57||0||||false|defender",
  "Empaleuse|none|14=true|45||1|corps|9|4|false|attacker",
  "Empaleuse|none|15=true|24||3|brasD|11|8|false|attacker",
  "Empaleuse|none|16=false|64||0||||false|defender",
  "Empaleuse|none|17=false|68||0||||false|defender",
  "Empaleuse|none|18=true|40||1|tete|9|6|true|attacker",
  "Empaleuse|none|19=true|6||5|corps|13|8|false|attacker",
  "Empaleuse|none|20=false|76||0||||false|defender",
  "Empaleuse|none|21=true|44||1|brasD|9|6|true|attacker",
  "Empaleuse|none|22=false|63||0||||false|defender",
  "Empaleuse|none|23=true|10||4|tete|12|9|true|attacker",
  "Empaleuse|none|24=true|34||2|brasD|10|7|false|attacker",
  "Empaleuse|none|25=false|60||0||||false|defender",
  "Défensive|parade|1=false|63|1|6||||false|defender",
  "Défensive|parade|2=false|74|33|4||||false|defender",
  "Défensive|parade|3=false|73|4|7||||false|defender",
  "Défensive|parade|4=false|93|34|6||||false|defender",
  "Défensive|parade|5=true|69|78|1|jambeD|9|6|false|attacker",
  "Défensive|parade|6=false|53|1|5||||false|defender",
  "Défensive|parade|7=true|2|7|0|brasG|8|5|false|attacker",
  "Défensive|parade|8=true|16|63|5|corps|13|8|false|attacker",
  "Défensive|parade|9=true|20|86|6|tete|14|11|false|attacker",
  "Défensive|parade|10=true|51|92|4|brasG|12|9|false|attacker",
  "Défensive|parade|11=true|52|53|0|brasD|8|5|false|attacker",
  "Défensive|parade|12=false|29|8|2||||false|defender",
  "Défensive|parade|13=false|57|37|2||||false|defender",
  "Défensive|parade|14=true|45|43|0|corps|8|3|false|attacker",
  "Défensive|parade|15=true|24|41|2|brasD|10|7|false|attacker",
  "Défensive|parade|16=false|64|15|5||||false|defender",
  "Défensive|parade|17=false|68|20|4||||false|defender",
  "Défensive|parade|18=true|40|61|2|tete|10|7|false|attacker",
  "Défensive|parade|19=true|6|33|3|corps|11|6|false|attacker",
  "Défensive|parade|20=false|76|39|4||||false|defender",
  "Défensive|parade|21=true|44|45|0|brasD|8|5|true|attacker",
  "Défensive|parade|22=false|63|24|4||||false|defender",
  "Défensive|parade|23=false|10|7|1||||false|defender",
  "Défensive|parade|24=true|34|97|6|brasD|14|11|false|attacker",
  "Défensive|parade|25=true|60|83|2|tete|10|7|false|attacker",
  "Défensive|esquive|1=false|63|1|4||||false|defender",
  "Défensive|esquive|2=false|74|33|2||||false|defender",
  "Défensive|esquive|3=false|73|4|5||||false|defender",
  "Défensive|esquive|4=false|93|34|4||||false|defender",
  "Défensive|esquive|5=true|69|78|3|jambeD|11|8|false|attacker",
  "Défensive|esquive|6=false|53|1|3||||false|defender",
  "Défensive|esquive|7=true|2|7|2|brasG|10|7|false|attacker",
  "Défensive|esquive|8=true|16|63|7|corps|15|10|false|attacker",
  "Défensive|esquive|9=true|20|86|8|tete|16|13|false|attacker",
  "Défensive|esquive|10=true|51|92|6|brasG|14|11|false|attacker",
  "Défensive|esquive|11=true|52|53|2|brasD|10|7|false|attacker",
  "Défensive|esquive|12=true|29|8|0|jambeD|8|5|false|attacker",
  "Défensive|esquive|13=true|57|37|0|corps|8|3|false|attacker",
  "Défensive|esquive|14=true|45|43|2|corps|10|5|false|attacker",
  "Défensive|esquive|15=true|24|41|4|brasD|12|9|false|attacker",
  "Défensive|esquive|16=false|64|15|3||||false|defender",
  "Défensive|esquive|17=false|68|20|2||||false|defender",
  "Défensive|esquive|18=true|40|61|4|tete|12|9|false|attacker",
  "Défensive|esquive|19=true|6|33|5|corps|13|8|false|attacker",
  "Défensive|esquive|20=false|76|39|2||||false|defender",
  "Défensive|esquive|21=true|44|45|2|brasD|10|7|true|attacker",
  "Défensive|esquive|22=false|63|24|2||||false|defender",
  "Défensive|esquive|23=true|10|7|1|tete|9|6|false|attacker",
  "Défensive|esquive|24=true|34|97|8|brasD|16|13|false|attacker",
  "Défensive|esquive|25=true|60|83|4|tete|12|9|false|attacker",
  "Défensive|none|1=false|63||0||||false|defender",
  "Défensive|none|2=false|74||0||||false|defender",
  "Défensive|none|3=false|73||0||||false|defender",
  "Défensive|none|4=false|93||0||||false|defender",
  "Défensive|none|5=false|69||0||||false|defender",
  "Défensive|none|6=true|53||0|brasD|8|5|false|attacker",
  "Défensive|none|7=true|2||5|brasG|13|10|false|attacker",
  "Défensive|none|8=true|16||4|corps|12|7|false|attacker",
  "Défensive|none|9=true|20||3|tete|11|8|false|attacker",
  "Défensive|none|10=true|51||0|brasG|8|5|false|attacker",
  "Défensive|none|11=true|52||0|brasD|8|5|false|attacker",
  "Défensive|none|12=true|29||3|jambeD|11|8|false|attacker",
  "Défensive|none|13=false|57||0||||false|defender",
  "Défensive|none|14=true|45||1|corps|9|4|false|attacker",
  "Défensive|none|15=true|24||3|brasD|11|8|false|attacker",
  "Défensive|none|16=false|64||0||||false|defender",
  "Défensive|none|17=false|68||0||||false|defender",
  "Défensive|none|18=true|40||1|tete|9|6|false|attacker",
  "Défensive|none|19=true|6||5|corps|13|8|false|attacker",
  "Défensive|none|20=false|76||0||||false|defender",
  "Défensive|none|21=true|44||1|brasD|9|6|true|attacker",
  "Défensive|none|22=false|63||0||||false|defender",
  "Défensive|none|23=true|10||4|tete|12|9|false|attacker",
  "Défensive|none|24=true|34||2|brasD|10|7|false|attacker",
  "Défensive|none|25=false|60||0||||false|defender",
  "À Enroulement|parade|1=false|63|1|5||||false|defender",
  "À Enroulement|parade|2=false|74|33|3||||false|defender",
  "À Enroulement|parade|3=false|73|4|6||||false|defender",
  "À Enroulement|parade|4=false|93|34|5||||false|defender",
  "À Enroulement|parade|5=true|69|78|2|jambeD|10|7|false|attacker",
  "À Enroulement|parade|6=false|53|1|4||||false|defender",
  "À Enroulement|parade|7=true|2|7|1|brasG|9|6|false|attacker",
  "À Enroulement|parade|8=true|16|63|6|corps|14|9|false|attacker",
  "À Enroulement|parade|9=true|20|86|7|tete|15|12|false|attacker",
  "À Enroulement|parade|10=true|51|92|5|brasG|13|10|false|attacker",
  "À Enroulement|parade|11=true|52|53|1|brasD|9|6|false|attacker",
  "À Enroulement|parade|12=false|29|8|1||||false|defender",
  "À Enroulement|parade|13=false|57|37|1||||false|defender",
  "À Enroulement|parade|14=true|45|43|1|corps|9|4|false|attacker",
  "À Enroulement|parade|15=true|24|41|3|brasD|11|8|false|attacker",
  "À Enroulement|parade|16=false|64|15|4||||false|defender",
  "À Enroulement|parade|17=false|68|20|3||||false|defender",
  "À Enroulement|parade|18=true|40|61|3|tete|11|8|false|attacker",
  "À Enroulement|parade|19=true|6|33|4|corps|12|7|false|attacker",
  "À Enroulement|parade|20=false|76|39|3||||false|defender",
  "À Enroulement|parade|21=true|44|45|1|brasD|9|6|true|attacker",
  "À Enroulement|parade|22=false|63|24|3||||false|defender",
  "À Enroulement|parade|23=true|10|7|0|tete|8|5|false|attacker",
  "À Enroulement|parade|24=true|34|97|7|brasD|15|12|false|attacker",
  "À Enroulement|parade|25=true|60|83|3|tete|11|8|false|attacker",
  "À Enroulement|esquive|1=false|63|1|4||||false|defender",
  "À Enroulement|esquive|2=false|74|33|2||||false|defender",
  "À Enroulement|esquive|3=false|73|4|5||||false|defender",
  "À Enroulement|esquive|4=false|93|34|4||||false|defender",
  "À Enroulement|esquive|5=true|69|78|3|jambeD|11|8|false|attacker",
  "À Enroulement|esquive|6=false|53|1|3||||false|defender",
  "À Enroulement|esquive|7=true|2|7|2|brasG|10|7|false|attacker",
  "À Enroulement|esquive|8=true|16|63|7|corps|15|10|false|attacker",
  "À Enroulement|esquive|9=true|20|86|8|tete|16|13|false|attacker",
  "À Enroulement|esquive|10=true|51|92|6|brasG|14|11|false|attacker",
  "À Enroulement|esquive|11=true|52|53|2|brasD|10|7|false|attacker",
  "À Enroulement|esquive|12=true|29|8|0|jambeD|8|5|false|attacker",
  "À Enroulement|esquive|13=true|57|37|0|corps|8|3|false|attacker",
  "À Enroulement|esquive|14=true|45|43|2|corps|10|5|false|attacker",
  "À Enroulement|esquive|15=true|24|41|4|brasD|12|9|false|attacker",
  "À Enroulement|esquive|16=false|64|15|3||||false|defender",
  "À Enroulement|esquive|17=false|68|20|2||||false|defender",
  "À Enroulement|esquive|18=true|40|61|4|tete|12|9|false|attacker",
  "À Enroulement|esquive|19=true|6|33|5|corps|13|8|false|attacker",
  "À Enroulement|esquive|20=false|76|39|2||||false|defender",
  "À Enroulement|esquive|21=true|44|45|2|brasD|10|7|true|attacker",
  "À Enroulement|esquive|22=false|63|24|2||||false|defender",
  "À Enroulement|esquive|23=true|10|7|1|tete|9|6|false|attacker",
  "À Enroulement|esquive|24=true|34|97|8|brasD|16|13|false|attacker",
  "À Enroulement|esquive|25=true|60|83|4|tete|12|9|false|attacker",
  "À Enroulement|none|1=false|63||0||||false|defender",
  "À Enroulement|none|2=false|74||0||||false|defender",
  "À Enroulement|none|3=false|73||0||||false|defender",
  "À Enroulement|none|4=false|93||0||||false|defender",
  "À Enroulement|none|5=false|69||0||||false|defender",
  "À Enroulement|none|6=true|53||0|brasD|8|5|false|attacker",
  "À Enroulement|none|7=true|2||5|brasG|13|10|false|attacker",
  "À Enroulement|none|8=true|16||4|corps|12|7|false|attacker",
  "À Enroulement|none|9=true|20||3|tete|11|8|false|attacker",
  "À Enroulement|none|10=true|51||0|brasG|8|5|false|attacker",
  "À Enroulement|none|11=true|52||0|brasD|8|5|false|attacker",
  "À Enroulement|none|12=true|29||3|jambeD|11|8|false|attacker",
  "À Enroulement|none|13=false|57||0||||false|defender",
  "À Enroulement|none|14=true|45||1|corps|9|4|false|attacker",
  "À Enroulement|none|15=true|24||3|brasD|11|8|false|attacker",
  "À Enroulement|none|16=false|64||0||||false|defender",
  "À Enroulement|none|17=false|68||0||||false|defender",
  "À Enroulement|none|18=true|40||1|tete|9|6|false|attacker",
  "À Enroulement|none|19=true|6||5|corps|13|8|false|attacker",
  "À Enroulement|none|20=false|76||0||||false|defender",
  "À Enroulement|none|21=true|44||1|brasD|9|6|true|attacker",
  "À Enroulement|none|22=false|63||0||||false|defender",
  "À Enroulement|none|23=true|10||4|tete|12|9|false|attacker",
  "À Enroulement|none|24=true|34||2|brasD|10|7|false|attacker",
  "À Enroulement|none|25=false|60||0||||false|defender",
  "Pistolet|parade|1=false|63|1|6||||false|defender",
  "Pistolet|parade|2=false|74|33|4||||false|defender",
  "Pistolet|parade|3=false|73|4|7||||false|defender",
  "Pistolet|parade|4=false|93|34|6||||false|defender",
  "Pistolet|parade|5=true|69|78|1|jambeD|9|6|false|attacker",
  "Pistolet|parade|6=false|53|1|5||||false|defender",
  "Pistolet|parade|7=true|2|7|0|brasG|8|5|false|attacker",
  "Pistolet|parade|8=true|16|63|5|corps|13|8|false|attacker",
  "Pistolet|parade|9=true|20|86|6|tete|14|11|false|attacker",
  "Pistolet|parade|10=true|51|92|4|brasG|12|9|false|attacker",
  "Pistolet|parade|11=true|52|53|0|brasD|8|5|false|attacker",
  "Pistolet|parade|12=false|29|8|2||||false|defender",
  "Pistolet|parade|13=false|57|37|2||||false|defender",
  "Pistolet|parade|14=true|45|43|0|corps|8|3|false|attacker",
  "Pistolet|parade|15=true|24|41|2|brasD|10|7|false|attacker",
  "Pistolet|parade|16=false|64|15|5||||false|defender",
  "Pistolet|parade|17=false|68|20|4||||false|defender",
  "Pistolet|parade|18=true|40|61|2|tete|10|7|false|attacker",
  "Pistolet|parade|19=true|6|33|3|corps|11|6|false|attacker",
  "Pistolet|parade|20=false|76|39|4||||false|defender",
  "Pistolet|parade|21=true|44|45|0|brasD|8|5|true|attacker",
  "Pistolet|parade|22=false|63|24|4||||false|defender",
  "Pistolet|parade|23=false|10|7|1||||false|defender",
  "Pistolet|parade|24=true|34|97|6|brasD|14|11|false|attacker",
  "Pistolet|parade|25=true|60|83|2|tete|10|7|false|attacker",
  "Pistolet|esquive|1=false|63|1|4||||false|defender",
  "Pistolet|esquive|2=false|74|33|2||||false|defender",
  "Pistolet|esquive|3=false|73|4|5||||false|defender",
  "Pistolet|esquive|4=false|93|34|4||||false|defender",
  "Pistolet|esquive|5=true|69|78|3|jambeD|11|8|false|attacker",
  "Pistolet|esquive|6=false|53|1|3||||false|defender",
  "Pistolet|esquive|7=true|2|7|2|brasG|10|7|false|attacker",
  "Pistolet|esquive|8=true|16|63|7|corps|15|10|false|attacker",
  "Pistolet|esquive|9=true|20|86|8|tete|16|13|false|attacker",
  "Pistolet|esquive|10=true|51|92|6|brasG|14|11|false|attacker",
  "Pistolet|esquive|11=true|52|53|2|brasD|10|7|false|attacker",
  "Pistolet|esquive|12=true|29|8|0|jambeD|8|5|false|attacker",
  "Pistolet|esquive|13=true|57|37|0|corps|8|3|false|attacker",
  "Pistolet|esquive|14=true|45|43|2|corps|10|5|false|attacker",
  "Pistolet|esquive|15=true|24|41|4|brasD|12|9|false|attacker",
  "Pistolet|esquive|16=false|64|15|3||||false|defender",
  "Pistolet|esquive|17=false|68|20|2||||false|defender",
  "Pistolet|esquive|18=true|40|61|4|tete|12|9|false|attacker",
  "Pistolet|esquive|19=true|6|33|5|corps|13|8|false|attacker",
  "Pistolet|esquive|20=false|76|39|2||||false|defender",
  "Pistolet|esquive|21=true|44|45|2|brasD|10|7|true|attacker",
  "Pistolet|esquive|22=false|63|24|2||||false|defender",
  "Pistolet|esquive|23=true|10|7|1|tete|9|6|false|attacker",
  "Pistolet|esquive|24=true|34|97|8|brasD|16|13|false|attacker",
  "Pistolet|esquive|25=true|60|83|4|tete|12|9|false|attacker",
  "Pistolet|none|1=false|63||0||||false|defender",
  "Pistolet|none|2=false|74||0||||false|defender",
  "Pistolet|none|3=false|73||0||||false|defender",
  "Pistolet|none|4=false|93||0||||false|defender",
  "Pistolet|none|5=false|69||0||||false|defender",
  "Pistolet|none|6=true|53||0|brasD|8|5|false|attacker",
  "Pistolet|none|7=true|2||5|brasG|13|10|false|attacker",
  "Pistolet|none|8=true|16||4|corps|12|7|false|attacker",
  "Pistolet|none|9=true|20||3|tete|11|8|false|attacker",
  "Pistolet|none|10=true|51||0|brasG|8|5|false|attacker",
  "Pistolet|none|11=true|52||0|brasD|8|5|false|attacker",
  "Pistolet|none|12=true|29||3|jambeD|11|8|false|attacker",
  "Pistolet|none|13=false|57||0||||false|defender",
  "Pistolet|none|14=true|45||1|corps|9|4|false|attacker",
  "Pistolet|none|15=true|24||3|brasD|11|8|false|attacker",
  "Pistolet|none|16=false|64||0||||false|defender",
  "Pistolet|none|17=false|68||0||||false|defender",
  "Pistolet|none|18=true|40||1|tete|9|6|false|attacker",
  "Pistolet|none|19=true|6||5|corps|13|8|false|attacker",
  "Pistolet|none|20=false|76||0||||false|defender",
  "Pistolet|none|21=true|44||1|brasD|9|6|true|attacker",
  "Pistolet|none|22=false|63||0||||false|defender",
  "Pistolet|none|23=true|10||4|tete|12|9|false|attacker",
  "Pistolet|none|24=true|34||2|brasD|10|7|false|attacker",
  "Pistolet|none|25=false|60||0||||false|defender",
  "Précise,Pointue,Perforante|parade|1=false|63|1|5||||false|defender",
  "Précise,Pointue,Perforante|parade|2=false|74|33|3||||false|defender",
  "Précise,Pointue,Perforante|parade|3=false|73|4|6||||false|defender",
  "Précise,Pointue,Perforante|parade|4=false|93|34|5||||false|defender",
  "Précise,Pointue,Perforante|parade|5=true|69|78|2|jambeD|11|8|false|attacker",
  "Précise,Pointue,Perforante|parade|6=false|53|1|4||||false|defender",
  "Précise,Pointue,Perforante|parade|7=true|2|7|1|brasG|10|7|false|attacker",
  "Précise,Pointue,Perforante|parade|8=true|16|63|6|corps|15|11|false|attacker",
  "Précise,Pointue,Perforante|parade|9=true|20|86|7|tete|16|13|false|attacker",
  "Précise,Pointue,Perforante|parade|10=true|51|92|5|brasG|14|11|false|attacker",
  "Précise,Pointue,Perforante|parade|11=true|52|53|1|brasD|10|7|false|attacker",
  "Précise,Pointue,Perforante|parade|12=false|29|8|1||||false|defender",
  "Précise,Pointue,Perforante|parade|13=false|57|37|1||||false|defender",
  "Précise,Pointue,Perforante|parade|14=true|45|43|1|corps|10|6|false|attacker",
  "Précise,Pointue,Perforante|parade|15=true|24|41|3|brasD|12|9|false|attacker",
  "Précise,Pointue,Perforante|parade|16=false|64|15|4||||false|defender",
  "Précise,Pointue,Perforante|parade|17=false|68|20|3||||false|defender",
  "Précise,Pointue,Perforante|parade|18=true|40|61|3|tete|12|9|false|attacker",
  "Précise,Pointue,Perforante|parade|19=true|6|33|4|corps|13|9|false|attacker",
  "Précise,Pointue,Perforante|parade|20=false|76|39|3||||false|defender",
  "Précise,Pointue,Perforante|parade|21=true|44|45|1|brasD|10|7|true|attacker",
  "Précise,Pointue,Perforante|parade|22=false|63|24|3||||false|defender",
  "Précise,Pointue,Perforante|parade|23=true|10|7|0|tete|9|6|false|attacker",
  "Précise,Pointue,Perforante|parade|24=true|34|97|7|brasD|16|13|false|attacker",
  "Précise,Pointue,Perforante|parade|25=true|60|83|3|tete|12|9|false|attacker",
  "Précise,Pointue,Perforante|esquive|1=false|63|1|3||||false|defender",
  "Précise,Pointue,Perforante|esquive|2=false|74|33|1||||false|defender",
  "Précise,Pointue,Perforante|esquive|3=false|73|4|4||||false|defender",
  "Précise,Pointue,Perforante|esquive|4=false|93|34|3||||false|defender",
  "Précise,Pointue,Perforante|esquive|5=true|69|78|4|jambeD|13|10|false|attacker",
  "Précise,Pointue,Perforante|esquive|6=false|53|1|2||||false|defender",
  "Précise,Pointue,Perforante|esquive|7=true|2|7|3|brasG|12|9|false|attacker",
  "Précise,Pointue,Perforante|esquive|8=true|16|63|8|corps|17|13|false|attacker",
  "Précise,Pointue,Perforante|esquive|9=true|20|86|9|tete|18|15|false|attacker",
  "Précise,Pointue,Perforante|esquive|10=true|51|92|7|brasG|16|13|false|attacker",
  "Précise,Pointue,Perforante|esquive|11=true|52|53|3|brasD|12|9|false|attacker",
  "Précise,Pointue,Perforante|esquive|12=true|29|8|1|jambeD|10|7|false|attacker",
  "Précise,Pointue,Perforante|esquive|13=true|57|37|1|corps|10|6|false|attacker",
  "Précise,Pointue,Perforante|esquive|14=true|45|43|3|corps|12|8|false|attacker",
  "Précise,Pointue,Perforante|esquive|15=true|24|41|5|brasD|14|11|false|attacker",
  "Précise,Pointue,Perforante|esquive|16=false|64|15|2||||false|defender",
  "Précise,Pointue,Perforante|esquive|17=false|68|20|1||||false|defender",
  "Précise,Pointue,Perforante|esquive|18=true|40|61|5|tete|14|11|false|attacker",
  "Précise,Pointue,Perforante|esquive|19=true|6|33|6|corps|15|11|false|attacker",
  "Précise,Pointue,Perforante|esquive|20=false|76|39|1||||false|defender",
  "Précise,Pointue,Perforante|esquive|21=true|44|45|3|brasD|12|9|true|attacker",
  "Précise,Pointue,Perforante|esquive|22=false|63|24|1||||false|defender",
  "Précise,Pointue,Perforante|esquive|23=true|10|7|2|tete|11|8|false|attacker",
  "Précise,Pointue,Perforante|esquive|24=true|34|97|9|brasD|18|15|false|attacker",
  "Précise,Pointue,Perforante|esquive|25=true|60|83|5|tete|14|11|false|attacker",
  "Précise,Pointue,Perforante|none|1=true|63||0|brasD|9|6|false|attacker",
  "Précise,Pointue,Perforante|none|2=false|74||0||||false|defender",
  "Précise,Pointue,Perforante|none|3=false|73||0||||false|defender",
  "Précise,Pointue,Perforante|none|4=false|93||0||||false|defender",
  "Précise,Pointue,Perforante|none|5=false|69||0||||false|defender",
  "Précise,Pointue,Perforante|none|6=true|53||1|brasD|10|7|false|attacker",
  "Précise,Pointue,Perforante|none|7=true|2||6|brasG|15|12|false|attacker",
  "Précise,Pointue,Perforante|none|8=true|16||5|corps|14|10|false|attacker",
  "Précise,Pointue,Perforante|none|9=true|20||4|tete|13|10|false|attacker",
  "Précise,Pointue,Perforante|none|10=true|51||1|brasG|10|7|false|attacker",
  "Précise,Pointue,Perforante|none|11=true|52||1|brasD|10|7|false|attacker",
  "Précise,Pointue,Perforante|none|12=true|29||4|jambeD|13|10|false|attacker",
  "Précise,Pointue,Perforante|none|13=true|57||1|corps|10|6|false|attacker",
  "Précise,Pointue,Perforante|none|14=true|45||2|corps|11|7|false|attacker",
  "Précise,Pointue,Perforante|none|15=true|24||4|brasD|13|10|false|attacker",
  "Précise,Pointue,Perforante|none|16=true|64||0|corps|9|5|false|attacker",
  "Précise,Pointue,Perforante|none|17=false|68||0||||false|defender",
  "Précise,Pointue,Perforante|none|18=true|40||2|tete|11|8|false|attacker",
  "Précise,Pointue,Perforante|none|19=true|6||6|corps|15|11|false|attacker",
  "Précise,Pointue,Perforante|none|20=false|76||0||||false|defender",
  "Précise,Pointue,Perforante|none|21=true|44||2|brasD|11|8|true|attacker",
  "Précise,Pointue,Perforante|none|22=true|63||0|brasD|9|6|false|attacker",
  "Précise,Pointue,Perforante|none|23=true|10||5|tete|14|11|false|attacker",
  "Précise,Pointue,Perforante|none|24=true|34||3|brasD|12|9|false|attacker",
  "Précise,Pointue,Perforante|none|25=true|60||0|tete|9|6|false|attacker",
  "Empaleuse,Pointue|parade|1=false|63|1|6||||false|defender",
  "Empaleuse,Pointue|parade|2=false|74|33|4||||false|defender",
  "Empaleuse,Pointue|parade|3=false|73|4|7||||false|defender",
  "Empaleuse,Pointue|parade|4=false|93|34|6||||false|defender",
  "Empaleuse,Pointue|parade|5=true|69|78|1|jambeD|10|7|false|attacker",
  "Empaleuse,Pointue|parade|6=false|53|1|5||||false|defender",
  "Empaleuse,Pointue|parade|7=true|2|7|0|brasG|9|6|false|attacker",
  "Empaleuse,Pointue|parade|8=true|16|63|5|corps|14|9|false|attacker",
  "Empaleuse,Pointue|parade|9=true|20|86|6|tete|15|12|true|attacker",
  "Empaleuse,Pointue|parade|10=true|51|92|4|brasG|13|10|false|attacker",
  "Empaleuse,Pointue|parade|11=true|52|53|0|brasD|9|6|false|attacker",
  "Empaleuse,Pointue|parade|12=false|29|8|2||||false|defender",
  "Empaleuse,Pointue|parade|13=false|57|37|2||||false|defender",
  "Empaleuse,Pointue|parade|14=true|45|43|0|corps|9|4|false|attacker",
  "Empaleuse,Pointue|parade|15=true|24|41|2|brasD|11|8|false|attacker",
  "Empaleuse,Pointue|parade|16=false|64|15|5||||false|defender",
  "Empaleuse,Pointue|parade|17=false|68|20|4||||false|defender",
  "Empaleuse,Pointue|parade|18=true|40|61|2|tete|11|8|true|attacker",
  "Empaleuse,Pointue|parade|19=true|6|33|3|corps|12|7|false|attacker",
  "Empaleuse,Pointue|parade|20=false|76|39|4||||false|defender",
  "Empaleuse,Pointue|parade|21=true|44|45|0|brasD|9|6|true|attacker",
  "Empaleuse,Pointue|parade|22=false|63|24|4||||false|defender",
  "Empaleuse,Pointue|parade|23=false|10|7|1||||false|defender",
  "Empaleuse,Pointue|parade|24=true|34|97|6|brasD|15|12|false|attacker",
  "Empaleuse,Pointue|parade|25=true|60|83|2|tete|11|8|true|attacker",
  "Empaleuse,Pointue|esquive|1=false|63|1|4||||false|defender",
  "Empaleuse,Pointue|esquive|2=false|74|33|2||||false|defender",
  "Empaleuse,Pointue|esquive|3=false|73|4|5||||false|defender",
  "Empaleuse,Pointue|esquive|4=false|93|34|4||||false|defender",
  "Empaleuse,Pointue|esquive|5=true|69|78|3|jambeD|12|9|false|attacker",
  "Empaleuse,Pointue|esquive|6=false|53|1|3||||false|defender",
  "Empaleuse,Pointue|esquive|7=true|2|7|2|brasG|11|8|false|attacker",
  "Empaleuse,Pointue|esquive|8=true|16|63|7|corps|16|11|false|attacker",
  "Empaleuse,Pointue|esquive|9=true|20|86|8|tete|17|14|true|attacker",
  "Empaleuse,Pointue|esquive|10=true|51|92|6|brasG|15|12|false|attacker",
  "Empaleuse,Pointue|esquive|11=true|52|53|2|brasD|11|8|false|attacker",
  "Empaleuse,Pointue|esquive|12=true|29|8|0|jambeD|9|6|false|attacker",
  "Empaleuse,Pointue|esquive|13=true|57|37|0|corps|9|4|false|attacker",
  "Empaleuse,Pointue|esquive|14=true|45|43|2|corps|11|6|false|attacker",
  "Empaleuse,Pointue|esquive|15=true|24|41|4|brasD|13|10|false|attacker",
  "Empaleuse,Pointue|esquive|16=false|64|15|3||||false|defender",
  "Empaleuse,Pointue|esquive|17=false|68|20|2||||false|defender",
  "Empaleuse,Pointue|esquive|18=true|40|61|4|tete|13|10|true|attacker",
  "Empaleuse,Pointue|esquive|19=true|6|33|5|corps|14|9|false|attacker",
  "Empaleuse,Pointue|esquive|20=false|76|39|2||||false|defender",
  "Empaleuse,Pointue|esquive|21=true|44|45|2|brasD|11|8|true|attacker",
  "Empaleuse,Pointue|esquive|22=false|63|24|2||||false|defender",
  "Empaleuse,Pointue|esquive|23=true|10|7|1|tete|10|7|true|attacker",
  "Empaleuse,Pointue|esquive|24=true|34|97|8|brasD|17|14|false|attacker",
  "Empaleuse,Pointue|esquive|25=true|60|83|4|tete|13|10|true|attacker",
  "Empaleuse,Pointue|none|1=false|63||0||||false|defender",
  "Empaleuse,Pointue|none|2=false|74||0||||false|defender",
  "Empaleuse,Pointue|none|3=false|73||0||||false|defender",
  "Empaleuse,Pointue|none|4=false|93||0||||false|defender",
  "Empaleuse,Pointue|none|5=false|69||0||||false|defender",
  "Empaleuse,Pointue|none|6=true|53||0|brasD|9|6|false|attacker",
  "Empaleuse,Pointue|none|7=true|2||5|brasG|14|11|false|attacker",
  "Empaleuse,Pointue|none|8=true|16||4|corps|13|8|false|attacker",
  "Empaleuse,Pointue|none|9=true|20||3|tete|12|9|true|attacker",
  "Empaleuse,Pointue|none|10=true|51||0|brasG|9|6|false|attacker",
  "Empaleuse,Pointue|none|11=true|52||0|brasD|9|6|false|attacker",
  "Empaleuse,Pointue|none|12=true|29||3|jambeD|12|9|false|attacker",
  "Empaleuse,Pointue|none|13=false|57||0||||false|defender",
  "Empaleuse,Pointue|none|14=true|45||1|corps|10|5|false|attacker",
  "Empaleuse,Pointue|none|15=true|24||3|brasD|12|9|false|attacker",
  "Empaleuse,Pointue|none|16=false|64||0||||false|defender",
  "Empaleuse,Pointue|none|17=false|68||0||||false|defender",
  "Empaleuse,Pointue|none|18=true|40||1|tete|10|7|true|attacker",
  "Empaleuse,Pointue|none|19=true|6||5|corps|14|9|false|attacker",
  "Empaleuse,Pointue|none|20=false|76||0||||false|defender",
  "Empaleuse,Pointue|none|21=true|44||1|brasD|10|7|true|attacker",
  "Empaleuse,Pointue|none|22=false|63||0||||false|defender",
  "Empaleuse,Pointue|none|23=true|10||4|tete|13|10|true|attacker",
  "Empaleuse,Pointue|none|24=true|34||2|brasD|11|8|false|attacker",
  "Empaleuse,Pointue|none|25=false|60||0||||false|defender",
]
`;
